---
source: premise-core/tests/ast_snapshots.rs
expression: value
---
{
  "diagnostics": [],
  "ast": {
    "kind": "source_file",
    "field": null,
    "range": {
      "start": {
        "row": 0,
        "column": 0
      },
      "end": {
        "row": 11,
        "column": 1
      },
      "start_byte": 0,
      "end_byte": 239
    },
    "children": [
      {
        "kind": "line_comment",
        "field": null,
        "range": {
          "start": {
            "row": 0,
            "column": 0
          },
          "end": {
            "row": 0,
            "column": 31
          },
          "start_byte": 0,
          "end_byte": 31
        },
        "children": []
      },
      {
        "kind": "newline",
        "field": null,
        "range": {
          "start": {
            "row": 0,
            "column": 31
          },
          "end": {
            "row": 1,
            "column": 0
          },
          "start_byte": 31,
          "end_byte": 32
        },
        "children": []
      },
      {
        "kind": "line",
        "field": null,
        "range": {
          "start": {
            "row": 1,
            "column": 0
          },
          "end": {
            "row": 5,
            "column": 1
          },
          "start_byte": 32,
          "end_byte": 132
        },
        "children": [
          {
            "kind": "entity_block",
            "field": null,
            "range": {
              "start": {
                "row": 1,
                "column": 0
              },
              "end": {
                "row": 5,
                "column": 1
              },
              "start_byte": 32,
              "end_byte": 132
            },
            "children": [
              {
                "kind": "@",
                "field": null,
                "range": {
                  "start": {
                    "row": 1,
                    "column": 0
                  },
                  "end": {
                    "row": 1,
                    "column": 1
                  },
                  "start_byte": 32,
                  "end_byte": 33
                },
                "children": []
              },
              {
                "kind": "newline",
                "field": null,
                "range": {
                  "start": {
                    "row": 1,
                    "column": 13
                  },
                  "end": {
                    "row": 2,
                    "column": 0
                  },
                  "start_byte": 45,
                  "end_byte": 46
                },
                "children": []
              },
              {
                "kind": "entity_line",
                "field": null,
                "range": {
                  "start": {
                    "row": 2,
                    "column": 0
                  },
                  "end": {
                    "row": 2,
                    "column": 30
                  },
                  "start_byte": 46,
                  "end_byte": 76
                },
                "children": [
                  {
                    "kind": "entity_name",
                    "field": "entity_name",
                    "range": {
                      "start": {
                        "row": 2,
                        "column": 6
                      },
                      "end": {
                        "row": 2,
                        "column": 10
                      },
                      "start_byte": 52,
                      "end_byte": 56
                    },
                    "children": []
                  },
                  {
                    "kind": ":",
                    "field": null,
                    "range": {
                      "start": {
                        "row": 2,
                        "column": 10
                      },
                      "end": {
                        "row": 2,
                        "column": 11
                      },
                      "start_byte": 56,
                      "end_byte": 57
                    },
                    "children": []
                  },
                  {
                    "kind": "entity_desc",
                    "field": "entity_desc",
                    "range": {
                      "start": {
                        "row": 2,
                        "column": 12
                      },
                      "end": {
                        "row": 2,
                        "column": 30
                      },
                      "start_byte": 58,
                      "end_byte": 76
                    },
                    "children": []
                  }
                ]
              },
              {
                "kind": "newline",
                "field": null,
                "range": {
                  "start": {
                    "row": 2,
                    "column": 30
                  },
                  "end": {
                    "row": 3,
                    "column": 0
                  },
                  "start_byte": 76,
                  "end_byte": 77
                },
                "children": []
              },
              {
                "kind": "entity_line",
                "field": null,
                "range": {
                  "start": {
                    "row": 3,
                    "column": 0
                  },
                  "end": {
                    "row": 3,
                    "column": 28
                  },
                  "start_byte": 77,
                  "end_byte": 105
                },
                "children": [
                  {
                    "kind": "entity_name",
                    "field": "entity_name",
                    "range": {
                      "start": {
                        "row": 3,
                        "column": 6
                      },
                      "end": {
                        "row": 3,
                        "column": 13
                      },
                      "start_byte": 83,
                      "end_byte": 90
                    },
                    "children": []
                  },
                  {
                    "kind": ":",
                    "field": null,
                    "range": {
                      "start": {
                        "row": 3,
                        "column": 13
                      },
                      "end": {
                        "row": 3,
                        "column": 14
                      },
                      "start_byte": 90,
                      "end_byte": 91
                    },
                    "children": []
                  },
                  {
                    "kind": "entity_desc",
                    "field": "entity_desc",
                    "range": {
                      "start": {
                        "row": 3,
                        "column": 15
                      },
                      "end": {
                        "row": 3,
                        "column": 28
                      },
                      "start_byte": 92,
                      "end_byte": 105
                    },
                    "children": []
                  }
                ]
              },
              {
                "kind": "newline",
                "field": null,
                "range": {
                  "start": {
                    "row": 3,
                    "column": 28
                  },
                  "end": {
                    "row": 4,
                    "column": 0
                  },
                  "start_byte": 105,
                  "end_byte": 106
                },
                "children": []
              },
              {
                "kind": "entity_line",
                "field": null,
                "range": {
                  "start": {
                    "row": 4,
                    "column": 0
                  },
                  "end": {
                    "row": 4,
                    "column": 24
                  },
                  "start_byte": 106,
                  "end_byte": 130
                },
                "children": [
                  {
                    "kind": "entity_name",
                    "field": "entity_name",
                    "range": {
                      "start": {
                        "row": 4,
                        "column": 6
                      },
                      "end": {
                        "row": 4,
                        "column": 12
                      },
                      "start_byte": 112,
                      "end_byte": 118
                    },
                    "children": []
                  },
                  {
                    "kind": ":",
                    "field": null,
                    "range": {
                      "start": {
                        "row": 4,
                        "column": 12
                      },
                      "end": {
                        "row": 4,
                        "column": 13
                      },
                      "start_byte": 118,
                      "end_byte": 119
                    },
                    "children": []
                  },
                  {
                    "kind": "entity_desc",
                    "field": "entity_desc",
                    "range": {
                      "start": {
                        "row": 4,
                        "column": 14
                      },
                      "end": {
                        "row": 4,
                        "column": 24
                      },
                      "start_byte": 120,
                      "end_byte": 130
                    },
                    "children": []
                  }
                ]
              },
              {
                "kind": "newline",
                "field": null,
                "range": {
                  "start": {
                    "row": 4,
                    "column": 24
                  },
                  "end": {
                    "row": 5,
                    "column": 0
                  },
                  "start_byte": 130,
                  "end_byte": 131
                },
                "children": []
              },
              {
                "kind": "}",
                "field": null,
                "range": {
                  "start": {
                    "row": 5,
                    "column": 0
                  },
                  "end": {
                    "row": 5,
                    "column": 1
                  },
                  "start_byte": 131,
                  "end_byte": 132
                },
                "children": []
              }
            ]
          }
        ]
      },
      {
        "kind": "newline",
        "field": null,
        "range": {
          "start": {
            "row": 5,
            "column": 1
          },
          "end": {
            "row": 6,
            "column": 0
          },
          "start_byte": 132,
          "end_byte": 133
        },
        "children": []
      },
      {
        "kind": "newline",
        "field": null,
        "range": {
          "start": {
            "row": 6,
            "column": 0
          },
          "end": {
            "row": 7,
            "column": 0
          },
          "start_byte": 133,
          "end_byte": 134
        },
        "children": []
      },
      {
        "kind": "line",
        "field": null,
        "range": {
          "start": {
            "row": 7,
            "column": 0
          },
          "end": {
            "row": 11,
            "column": 1
          },
          "start_byte": 134,
          "end_byte": 239
        },
        "children": [
          {
            "kind": "entity_block",
            "field": null,
            "range": {
              "start": {
                "row": 7,
                "column": 0
              },
              "end": {
                "row": 11,
                "column": 1
              },
              "start_byte": 134,
              "end_byte": 239
            },
            "children": [
              {
                "kind": "@",
                "field": null,
                "range": {
                  "start": {
                    "row": 7,
                    "column": 0
                  },
                  "end": {
                    "row": 7,
                    "column": 1
                  },
                  "start_byte": 134,
                  "end_byte": 135
                },
                "children": []
              },
              {
                "kind": "newline",
                "field": null,
                "range": {
                  "start": {
                    "row": 7,
                    "column": 12
                  },
                  "end": {
                    "row": 8,
                    "column": 0
                  },
                  "start_byte": 146,
                  "end_byte": 147
                },
                "children": []
              },
              {
                "kind": "entity_line",
                "field": null,
                "range": {
                  "start": {
                    "row": 8,
                    "column": 0
                  },
                  "end": {
                    "row": 8,
                    "column": 30
                  },
                  "start_byte": 147,
                  "end_byte": 177
                },
                "children": [
                  {
                    "kind": "entity_name",
                    "field": "entity_name",
                    "range": {
                      "start": {
                        "row": 8,
                        "column": 6
                      },
                      "end": {
                        "row": 8,
                        "column": 12
                      },
                      "start_byte": 153,
                      "end_byte": 159
                    },
                    "children": []
                  },
                  {
                    "kind": ":",
                    "field": null,
                    "range": {
                      "start": {
                        "row": 8,
                        "column": 12
                      },
                      "end": {
                        "row": 8,
                        "column": 13
                      },
                      "start_byte": 159,
                      "end_byte": 160
                    },
                    "children": []
                  },
                  {
                    "kind": "entity_desc",
                    "field": "entity_desc",
                    "range": {
                      "start": {
                        "row": 8,
                        "column": 14
                      },
                      "end": {
                        "row": 8,
                        "column": 30
                      },
                      "start_byte": 161,
                      "end_byte": 177
                    },
                    "children": []
                  }
                ]
              },
              {
                "kind": "newline",
                "field": null,
                "range": {
                  "start": {
                    "row": 8,
                    "column": 30
                  },
                  "end": {
                    "row": 9,
                    "column": 0
                  },
                  "start_byte": 177,
                  "end_byte": 178
                },
                "children": []
              },
              {
                "kind": "entity_line",
                "field": null,
                "range": {
                  "start": {
                    "row": 9,
                    "column": 0
                  },
                  "end": {
                    "row": 9,
                    "column": 24
                  },
                  "start_byte": 178,
                  "end_byte": 202
                },
                "children": [
                  {
                    "kind": "entity_name",
                    "field": "entity_name",
                    "range": {
                      "start": {
                        "row": 9,
                        "column": 6
                      },
                      "end": {
                        "row": 9,
                        "column": 12
                      },
                      "start_byte": 184,
                      "end_byte": 190
                    },
                    "children": []
                  },
                  {
                    "kind": ":",
                    "field": null,
                    "range": {
                      "start": {
                        "row": 9,
                        "column": 12
                      },
                      "end": {
                        "row": 9,
                        "column": 13
                      },
                      "start_byte": 190,
                      "end_byte": 191
                    },
                    "children": []
                  },
                  {
                    "kind": "entity_desc",
                    "field": "entity_desc",
                    "range": {
                      "start": {
                        "row": 9,
                        "column": 14
                      },
                      "end": {
                        "row": 9,
                        "column": 24
                      },
                      "start_byte": 192,
                      "end_byte": 202
                    },
                    "children": []
                  }
                ]
              },
              {
                "kind": "newline",
                "field": null,
                "range": {
                  "start": {
                    "row": 9,
                    "column": 24
                  },
                  "end": {
                    "row": 10,
                    "column": 0
                  },
                  "start_byte": 202,
                  "end_byte": 203
                },
                "children": []
              },
              {
                "kind": "entity_line",
                "field": null,
                "range": {
                  "start": {
                    "row": 10,
                    "column": 0
                  },
                  "end": {
                    "row": 10,
                    "column": 34
                  },
                  "start_byte": 203,
                  "end_byte": 237
                },
                "children": [
                  {
                    "kind": "entity_name",
                    "field": "entity_name",
                    "range": {
                      "start": {
                        "row": 10,
                        "column": 6
                      },
                      "end": {
                        "row": 10,
                        "column": 13
                      },
                      "start_byte": 209,
                      "end_byte": 216
                    },
                    "children": []
                  },
                  {
                    "kind": ":",
                    "field": null,
                    "range": {
                      "start": {
                        "row": 10,
                        "column": 13
                      },
                      "end": {
                        "row": 10,
                        "column": 14
                      },
                      "start_byte": 216,
                      "end_byte": 217
                    },
                    "children": []
                  },
                  {
                    "kind": "entity_desc",
                    "field": "entity_desc",
                    "range": {
                      "start": {
                        "row": 10,
                        "column": 15
                      },
                      "end": {
                        "row": 10,
                        "column": 34
                      },
                      "start_byte": 218,
                      "end_byte": 237
                    },
                    "children": []
                  }
                ]
              },
              {
                "kind": "newline",
                "field": null,
                "range": {
                  "start": {
                    "row": 10,
                    "column": 34
                  },
                  "end": {
                    "row": 11,
                    "column": 0
                  },
                  "start_byte": 237,
                  "end_byte": 238
                },
                "children": []
              },
              {
                "kind": "}",
                "field": null,
                "range": {
                  "start": {
                    "row": 11,
                    "column": 0
                  },
                  "end": {
                    "row": 11,
                    "column": 1
                  },
                  "start_byte": 238,
                  "end_byte": 239
                },
                "children": []
              }
            ]
          }
        ]
      }
    ]
  }
}
