---
source: premise-core/tests/ast_snapshots.rs
expression: value
---
{
  "diagnostics": [
    {
      "severity": "Error",
      "message": "ERROR node encountered"
    },
    {
      "severity": "Error",
      "message": "ERROR node encountered"
    }
  ],
  "ast": {
    "kind": "source_file",
    "field": null,
    "range": {
      "start": {
        "row": 0,
        "column": 0
      },
      "end": {
        "row": 13,
        "column": 1
      },
      "start_byte": 0,
      "end_byte": 266
    },
    "children": [
      {
        "kind": "line",
        "field": null,
        "range": {
          "start": {
            "row": 0,
            "column": 0
          },
          "end": {
            "row": 0,
            "column": 19
          },
          "start_byte": 0,
          "end_byte": 19
        },
        "children": [
          {
            "kind": "act_header",
            "field": null,
            "range": {
              "start": {
                "row": 0,
                "column": 0
              },
              "end": {
                "row": 0,
                "column": 19
              },
              "start_byte": 0,
              "end_byte": 19
            },
            "children": [
              {
                "kind": "=",
                "field": null,
                "range": {
                  "start": {
                    "row": 0,
                    "column": 0
                  },
                  "end": {
                    "row": 0,
                    "column": 1
                  },
                  "start_byte": 0,
                  "end_byte": 1
                },
                "children": []
              }
            ]
          }
        ]
      },
      {
        "kind": "newline",
        "field": null,
        "range": {
          "start": {
            "row": 0,
            "column": 19
          },
          "end": {
            "row": 1,
            "column": 0
          },
          "start_byte": 19,
          "end_byte": 20
        },
        "children": []
      },
      {
        "kind": "line",
        "field": null,
        "range": {
          "start": {
            "row": 1,
            "column": 0
          },
          "end": {
            "row": 1,
            "column": 17
          },
          "start_byte": 20,
          "end_byte": 37
        },
        "children": [
          {
            "kind": "metadata_line",
            "field": null,
            "range": {
              "start": {
                "row": 1,
                "column": 0
              },
              "end": {
                "row": 1,
                "column": 17
              },
              "start_byte": 20,
              "end_byte": 37
            },
            "children": [
              {
                "kind": "+",
                "field": null,
                "range": {
                  "start": {
                    "row": 1,
                    "column": 0
                  },
                  "end": {
                    "row": 1,
                    "column": 1
                  },
                  "start_byte": 20,
                  "end_byte": 21
                },
                "children": []
              },
              {
                "kind": ":",
                "field": null,
                "range": {
                  "start": {
                    "row": 1,
                    "column": 11
                  },
                  "end": {
                    "row": 1,
                    "column": 12
                  },
                  "start_byte": 31,
                  "end_byte": 32
                },
                "children": []
              }
            ]
          }
        ]
      },
      {
        "kind": "newline",
        "field": null,
        "range": {
          "start": {
            "row": 1,
            "column": 17
          },
          "end": {
            "row": 2,
            "column": 0
          },
          "start_byte": 37,
          "end_byte": 38
        },
        "children": []
      },
      {
        "kind": "newline",
        "field": null,
        "range": {
          "start": {
            "row": 2,
            "column": 0
          },
          "end": {
            "row": 3,
            "column": 0
          },
          "start_byte": 38,
          "end_byte": 39
        },
        "children": []
      },
      {
        "kind": "line",
        "field": null,
        "range": {
          "start": {
            "row": 3,
            "column": 0
          },
          "end": {
            "row": 3,
            "column": 28
          },
          "start_byte": 39,
          "end_byte": 67
        },
        "children": [
          {
            "kind": "scene_header",
            "field": null,
            "range": {
              "start": {
                "row": 3,
                "column": 0
              },
              "end": {
                "row": 3,
                "column": 28
              },
              "start_byte": 39,
              "end_byte": 67
            },
            "children": [
              {
                "kind": "==",
                "field": null,
                "range": {
                  "start": {
                    "row": 3,
                    "column": 0
                  },
                  "end": {
                    "row": 3,
                    "column": 2
                  },
                  "start_byte": 39,
                  "end_byte": 41
                },
                "children": []
              }
            ]
          }
        ]
      },
      {
        "kind": "newline",
        "field": null,
        "range": {
          "start": {
            "row": 3,
            "column": 28
          },
          "end": {
            "row": 4,
            "column": 0
          },
          "start_byte": 67,
          "end_byte": 68
        },
        "children": []
      },
      {
        "kind": "line",
        "field": null,
        "range": {
          "start": {
            "row": 4,
            "column": 0
          },
          "end": {
            "row": 4,
            "column": 15
          },
          "start_byte": 68,
          "end_byte": 83
        },
        "children": [
          {
            "kind": "metadata_line",
            "field": null,
            "range": {
              "start": {
                "row": 4,
                "column": 0
              },
              "end": {
                "row": 4,
                "column": 15
              },
              "start_byte": 68,
              "end_byte": 83
            },
            "children": [
              {
                "kind": "+",
                "field": null,
                "range": {
                  "start": {
                    "row": 4,
                    "column": 0
                  },
                  "end": {
                    "row": 4,
                    "column": 1
                  },
                  "start_byte": 68,
                  "end_byte": 69
                },
                "children": []
              },
              {
                "kind": ":",
                "field": null,
                "range": {
                  "start": {
                    "row": 4,
                    "column": 5
                  },
                  "end": {
                    "row": 4,
                    "column": 6
                  },
                  "start_byte": 73,
                  "end_byte": 74
                },
                "children": []
              }
            ]
          }
        ]
      },
      {
        "kind": "newline",
        "field": null,
        "range": {
          "start": {
            "row": 4,
            "column": 15
          },
          "end": {
            "row": 5,
            "column": 0
          },
          "start_byte": 83,
          "end_byte": 84
        },
        "children": []
      },
      {
        "kind": "line",
        "field": null,
        "range": {
          "start": {
            "row": 5,
            "column": 0
          },
          "end": {
            "row": 5,
            "column": 8
          },
          "start_byte": 84,
          "end_byte": 92
        },
        "children": [
          {
            "kind": "metadata_line",
            "field": null,
            "range": {
              "start": {
                "row": 5,
                "column": 0
              },
              "end": {
                "row": 5,
                "column": 8
              },
              "start_byte": 84,
              "end_byte": 92
            },
            "children": [
              {
                "kind": "+",
                "field": null,
                "range": {
                  "start": {
                    "row": 5,
                    "column": 0
                  },
                  "end": {
                    "row": 5,
                    "column": 1
                  },
                  "start_byte": 84,
                  "end_byte": 85
                },
                "children": []
              },
              {
                "kind": ":",
                "field": null,
                "range": {
                  "start": {
                    "row": 5,
                    "column": 5
                  },
                  "end": {
                    "row": 5,
                    "column": 6
                  },
                  "start_byte": 89,
                  "end_byte": 90
                },
                "children": []
              }
            ]
          }
        ]
      },
      {
        "kind": "newline",
        "field": null,
        "range": {
          "start": {
            "row": 5,
            "column": 8
          },
          "end": {
            "row": 6,
            "column": 0
          },
          "start_byte": 92,
          "end_byte": 93
        },
        "children": []
      },
      {
        "kind": "newline",
        "field": null,
        "range": {
          "start": {
            "row": 6,
            "column": 0
          },
          "end": {
            "row": 7,
            "column": 0
          },
          "start_byte": 93,
          "end_byte": 94
        },
        "children": []
      },
      {
        "kind": "line",
        "field": null,
        "range": {
          "start": {
            "row": 7,
            "column": 0
          },
          "end": {
            "row": 7,
            "column": 35
          },
          "start_byte": 94,
          "end_byte": 129
        },
        "children": [
          {
            "kind": "entity_construct",
            "field": null,
            "range": {
              "start": {
                "row": 7,
                "column": 0
              },
              "end": {
                "row": 7,
                "column": 35
              },
              "start_byte": 94,
              "end_byte": 129
            },
            "children": [
              {
                "kind": "@",
                "field": null,
                "range": {
                  "start": {
                    "row": 7,
                    "column": 0
                  },
                  "end": {
                    "row": 7,
                    "column": 1
                  },
                  "start_byte": 94,
                  "end_byte": 95
                },
                "children": []
              },
              {
                "kind": ":",
                "field": null,
                "range": {
                  "start": {
                    "row": 7,
                    "column": 15
                  },
                  "end": {
                    "row": 7,
                    "column": 16
                  },
                  "start_byte": 109,
                  "end_byte": 110
                },
                "children": []
              }
            ]
          }
        ]
      },
      {
        "kind": "newline",
        "field": null,
        "range": {
          "start": {
            "row": 7,
            "column": 35
          },
          "end": {
            "row": 8,
            "column": 0
          },
          "start_byte": 129,
          "end_byte": 130
        },
        "children": []
      },
      {
        "kind": "line",
        "field": null,
        "range": {
          "start": {
            "row": 8,
            "column": 0
          },
          "end": {
            "row": 8,
            "column": 34
          },
          "start_byte": 130,
          "end_byte": 164
        },
        "children": [
          {
            "kind": "entity_construct",
            "field": null,
            "range": {
              "start": {
                "row": 8,
                "column": 0
              },
              "end": {
                "row": 8,
                "column": 34
              },
              "start_byte": 130,
              "end_byte": 164
            },
            "children": [
              {
                "kind": "@",
                "field": null,
                "range": {
                  "start": {
                    "row": 8,
                    "column": 0
                  },
                  "end": {
                    "row": 8,
                    "column": 1
                  },
                  "start_byte": 130,
                  "end_byte": 131
                },
                "children": []
              },
              {
                "kind": ":",
                "field": null,
                "range": {
                  "start": {
                    "row": 8,
                    "column": 16
                  },
                  "end": {
                    "row": 8,
                    "column": 17
                  },
                  "start_byte": 146,
                  "end_byte": 147
                },
                "children": []
              }
            ]
          }
        ]
      },
      {
        "kind": "newline",
        "field": null,
        "range": {
          "start": {
            "row": 8,
            "column": 34
          },
          "end": {
            "row": 9,
            "column": 0
          },
          "start_byte": 164,
          "end_byte": 165
        },
        "children": []
      },
      {
        "kind": "newline",
        "field": null,
        "range": {
          "start": {
            "row": 9,
            "column": 0
          },
          "end": {
            "row": 10,
            "column": 0
          },
          "start_byte": 165,
          "end_byte": 166
        },
        "children": []
      },
      {
        "kind": "ERROR",
        "field": null,
        "range": {
          "start": {
            "row": 10,
            "column": 0
          },
          "end": {
            "row": 10,
            "column": 6
          },
          "start_byte": 166,
          "end_byte": 172
        },
        "children": [
          {
            "kind": "@",
            "field": null,
            "range": {
              "start": {
                "row": 10,
                "column": 0
              },
              "end": {
                "row": 10,
                "column": 1
              },
              "start_byte": 166,
              "end_byte": 167
            },
            "children": []
          }
        ]
      },
      {
        "kind": "line",
        "field": null,
        "range": {
          "start": {
            "row": 10,
            "column": 6
          },
          "end": {
            "row": 12,
            "column": 0
          },
          "start_byte": 172,
          "end_byte": 222
        },
        "children": [
          {
            "kind": "prose_line",
            "field": null,
            "range": {
              "start": {
                "row": 10,
                "column": 6
              },
              "end": {
                "row": 12,
                "column": 0
              },
              "start_byte": 172,
              "end_byte": 222
            },
            "children": [
              {
                "kind": "dialogue_speaker",
                "field": null,
                "range": {
                  "start": {
                    "row": 10,
                    "column": 6
                  },
                  "end": {
                    "row": 12,
                    "column": 0
                  },
                  "start_byte": 172,
                  "end_byte": 222
                },
                "children": [
                  {
                    "kind": "ref_open",
                    "field": null,
                    "range": {
                      "start": {
                        "row": 10,
                        "column": 6
                      },
                      "end": {
                        "row": 10,
                        "column": 7
                      },
                      "start_byte": 172,
                      "end_byte": 173
                    },
                    "children": []
                  },
                  {
                    "kind": "ref_close",
                    "field": null,
                    "range": {
                      "start": {
                        "row": 11,
                        "column": 46
                      },
                      "end": {
                        "row": 11,
                        "column": 47
                      },
                      "start_byte": 220,
                      "end_byte": 221
                    },
                    "children": []
                  }
                ]
              }
            ]
          }
        ]
      },
      {
        "kind": "line",
        "field": null,
        "range": {
          "start": {
            "row": 12,
            "column": 0
          },
          "end": {
            "row": 12,
            "column": 42
          },
          "start_byte": 222,
          "end_byte": 264
        },
        "children": [
          {
            "kind": "prose_line",
            "field": null,
            "range": {
              "start": {
                "row": 12,
                "column": 0
              },
              "end": {
                "row": 12,
                "column": 42
              },
              "start_byte": 222,
              "end_byte": 264
            },
            "children": [
              {
                "kind": "prose_text",
                "field": null,
                "range": {
                  "start": {
                    "row": 12,
                    "column": 0
                  },
                  "end": {
                    "row": 12,
                    "column": 12
                  },
                  "start_byte": 222,
                  "end_byte": 234
                },
                "children": []
              },
              {
                "kind": "entity_reference",
                "field": null,
                "range": {
                  "start": {
                    "row": 12,
                    "column": 12
                  },
                  "end": {
                    "row": 12,
                    "column": 42
                  },
                  "start_byte": 234,
                  "end_byte": 264
                },
                "children": [
                  {
                    "kind": "ref_open",
                    "field": null,
                    "range": {
                      "start": {
                        "row": 12,
                        "column": 12
                      },
                      "end": {
                        "row": 12,
                        "column": 13
                      },
                      "start_byte": 234,
                      "end_byte": 235
                    },
                    "children": []
                  },
                  {
                    "kind": "ref_close",
                    "field": null,
                    "range": {
                      "start": {
                        "row": 12,
                        "column": 41
                      },
                      "end": {
                        "row": 12,
                        "column": 42
                      },
                      "start_byte": 263,
                      "end_byte": 264
                    },
                    "children": []
                  }
                ]
              }
            ]
          }
        ]
      },
      {
        "kind": "newline",
        "field": null,
        "range": {
          "start": {
            "row": 12,
            "column": 42
          },
          "end": {
            "row": 13,
            "column": 0
          },
          "start_byte": 264,
          "end_byte": 265
        },
        "children": []
      },
      {
        "kind": "ERROR",
        "field": null,
        "range": {
          "start": {
            "row": 13,
            "column": 0
          },
          "end": {
            "row": 13,
            "column": 1
          },
          "start_byte": 265,
          "end_byte": 266
        },
        "children": [
          {
            "kind": "}",
            "field": null,
            "range": {
              "start": {
                "row": 13,
                "column": 0
              },
              "end": {
                "row": 13,
                "column": 1
              },
              "start_byte": 265,
              "end_byte": 266
            },
            "children": []
          }
        ]
      }
    ]
  }
}
