---
source: premise-core/tests/ast_snapshots.rs
expression: value
---
{
  "diagnostics": [],
  "ast": {
    "kind": "source_file",
    "field": null,
    "range": {
      "start": {
        "row": 0,
        "column": 0
      },
      "end": {
        "row": 4,
        "column": 41
      },
      "start_byte": 0,
      "end_byte": 174
    },
    "children": [
      {
        "kind": "line_comment",
        "field": null,
        "range": {
          "start": {
            "row": 0,
            "column": 0
          },
          "end": {
            "row": 0,
            "column": 36
          },
          "start_byte": 0,
          "end_byte": 36
        },
        "children": []
      },
      {
        "kind": "newline",
        "field": null,
        "range": {
          "start": {
            "row": 0,
            "column": 36
          },
          "end": {
            "row": 1,
            "column": 0
          },
          "start_byte": 36,
          "end_byte": 37
        },
        "children": []
      },
      {
        "kind": "line",
        "field": null,
        "range": {
          "start": {
            "row": 1,
            "column": 0
          },
          "end": {
            "row": 1,
            "column": 35
          },
          "start_byte": 37,
          "end_byte": 72
        },
        "children": [
          {
            "kind": "entity_construct",
            "field": null,
            "range": {
              "start": {
                "row": 1,
                "column": 0
              },
              "end": {
                "row": 1,
                "column": 35
              },
              "start_byte": 37,
              "end_byte": 72
            },
            "children": [
              {
                "kind": "@",
                "field": null,
                "range": {
                  "start": {
                    "row": 1,
                    "column": 0
                  },
                  "end": {
                    "row": 1,
                    "column": 1
                  },
                  "start_byte": 37,
                  "end_byte": 38
                },
                "children": []
              },
              {
                "kind": ":",
                "field": null,
                "range": {
                  "start": {
                    "row": 1,
                    "column": 15
                  },
                  "end": {
                    "row": 1,
                    "column": 16
                  },
                  "start_byte": 52,
                  "end_byte": 53
                },
                "children": []
              }
            ]
          }
        ]
      },
      {
        "kind": "newline",
        "field": null,
        "range": {
          "start": {
            "row": 1,
            "column": 35
          },
          "end": {
            "row": 2,
            "column": 0
          },
          "start_byte": 72,
          "end_byte": 73
        },
        "children": []
      },
      {
        "kind": "line",
        "field": null,
        "range": {
          "start": {
            "row": 2,
            "column": 0
          },
          "end": {
            "row": 2,
            "column": 34
          },
          "start_byte": 73,
          "end_byte": 107
        },
        "children": [
          {
            "kind": "entity_construct",
            "field": null,
            "range": {
              "start": {
                "row": 2,
                "column": 0
              },
              "end": {
                "row": 2,
                "column": 34
              },
              "start_byte": 73,
              "end_byte": 107
            },
            "children": [
              {
                "kind": "@",
                "field": null,
                "range": {
                  "start": {
                    "row": 2,
                    "column": 0
                  },
                  "end": {
                    "row": 2,
                    "column": 1
                  },
                  "start_byte": 73,
                  "end_byte": 74
                },
                "children": []
              },
              {
                "kind": ":",
                "field": null,
                "range": {
                  "start": {
                    "row": 2,
                    "column": 16
                  },
                  "end": {
                    "row": 2,
                    "column": 17
                  },
                  "start_byte": 89,
                  "end_byte": 90
                },
                "children": []
              }
            ]
          }
        ]
      },
      {
        "kind": "newline",
        "field": null,
        "range": {
          "start": {
            "row": 2,
            "column": 34
          },
          "end": {
            "row": 3,
            "column": 0
          },
          "start_byte": 107,
          "end_byte": 108
        },
        "children": []
      },
      {
        "kind": "line",
        "field": null,
        "range": {
          "start": {
            "row": 3,
            "column": 0
          },
          "end": {
            "row": 3,
            "column": 24
          },
          "start_byte": 108,
          "end_byte": 132
        },
        "children": [
          {
            "kind": "entity_construct",
            "field": null,
            "range": {
              "start": {
                "row": 3,
                "column": 0
              },
              "end": {
                "row": 3,
                "column": 24
              },
              "start_byte": 108,
              "end_byte": 132
            },
            "children": [
              {
                "kind": "@",
                "field": null,
                "range": {
                  "start": {
                    "row": 3,
                    "column": 0
                  },
                  "end": {
                    "row": 3,
                    "column": 1
                  },
                  "start_byte": 108,
                  "end_byte": 109
                },
                "children": []
              },
              {
                "kind": ":",
                "field": null,
                "range": {
                  "start": {
                    "row": 3,
                    "column": 11
                  },
                  "end": {
                    "row": 3,
                    "column": 12
                  },
                  "start_byte": 119,
                  "end_byte": 120
                },
                "children": []
              }
            ]
          }
        ]
      },
      {
        "kind": "newline",
        "field": null,
        "range": {
          "start": {
            "row": 3,
            "column": 24
          },
          "end": {
            "row": 4,
            "column": 0
          },
          "start_byte": 132,
          "end_byte": 133
        },
        "children": []
      },
      {
        "kind": "line",
        "field": null,
        "range": {
          "start": {
            "row": 4,
            "column": 0
          },
          "end": {
            "row": 4,
            "column": 41
          },
          "start_byte": 133,
          "end_byte": 174
        },
        "children": [
          {
            "kind": "entity_construct",
            "field": null,
            "range": {
              "start": {
                "row": 4,
                "column": 0
              },
              "end": {
                "row": 4,
                "column": 41
              },
              "start_byte": 133,
              "end_byte": 174
            },
            "children": [
              {
                "kind": "@",
                "field": null,
                "range": {
                  "start": {
                    "row": 4,
                    "column": 0
                  },
                  "end": {
                    "row": 4,
                    "column": 1
                  },
                  "start_byte": 133,
                  "end_byte": 134
                },
                "children": []
              },
              {
                "kind": ":",
                "field": null,
                "range": {
                  "start": {
                    "row": 4,
                    "column": 22
                  },
                  "end": {
                    "row": 4,
                    "column": 23
                  },
                  "start_byte": 155,
                  "end_byte": 156
                },
                "children": []
              }
            ]
          }
        ]
      }
    ]
  }
}
