---
source: premise-core/tests/ast_snapshots.rs
expression: value
---
{
  "diagnostics": [],
  "ast": {
    "kind": "source_file",
    "field": null,
    "range": {
      "start": {
        "row": 0,
        "column": 0
      },
      "end": {
        "row": 4,
        "column": 41
      },
      "start_byte": 0,
      "end_byte": 173
    },
    "children": [
      {
        "kind": "line_comment",
        "field": null,
        "range": {
          "start": {
            "row": 0,
            "column": 0
          },
          "end": {
            "row": 0,
            "column": 35
          },
          "start_byte": 0,
          "end_byte": 35
        },
        "children": []
      },
      {
        "kind": "newline",
        "field": null,
        "range": {
          "start": {
            "row": 0,
            "column": 35
          },
          "end": {
            "row": 1,
            "column": 0
          },
          "start_byte": 35,
          "end_byte": 36
        },
        "children": []
      },
      {
        "kind": "line",
        "field": null,
        "range": {
          "start": {
            "row": 1,
            "column": 0
          },
          "end": {
            "row": 1,
            "column": 35
          },
          "start_byte": 36,
          "end_byte": 71
        },
        "children": [
          {
            "kind": "entity_construct",
            "field": null,
            "range": {
              "start": {
                "row": 1,
                "column": 0
              },
              "end": {
                "row": 1,
                "column": 35
              },
              "start_byte": 36,
              "end_byte": 71
            },
            "children": [
              {
                "kind": "@",
                "field": null,
                "range": {
                  "start": {
                    "row": 1,
                    "column": 0
                  },
                  "end": {
                    "row": 1,
                    "column": 1
                  },
                  "start_byte": 36,
                  "end_byte": 37
                },
                "children": []
              },
              {
                "kind": ":",
                "field": null,
                "range": {
                  "start": {
                    "row": 1,
                    "column": 15
                  },
                  "end": {
                    "row": 1,
                    "column": 16
                  },
                  "start_byte": 51,
                  "end_byte": 52
                },
                "children": []
              }
            ]
          }
        ]
      },
      {
        "kind": "newline",
        "field": null,
        "range": {
          "start": {
            "row": 1,
            "column": 35
          },
          "end": {
            "row": 2,
            "column": 0
          },
          "start_byte": 71,
          "end_byte": 72
        },
        "children": []
      },
      {
        "kind": "line",
        "field": null,
        "range": {
          "start": {
            "row": 2,
            "column": 0
          },
          "end": {
            "row": 2,
            "column": 34
          },
          "start_byte": 72,
          "end_byte": 106
        },
        "children": [
          {
            "kind": "entity_construct",
            "field": null,
            "range": {
              "start": {
                "row": 2,
                "column": 0
              },
              "end": {
                "row": 2,
                "column": 34
              },
              "start_byte": 72,
              "end_byte": 106
            },
            "children": [
              {
                "kind": "@",
                "field": null,
                "range": {
                  "start": {
                    "row": 2,
                    "column": 0
                  },
                  "end": {
                    "row": 2,
                    "column": 1
                  },
                  "start_byte": 72,
                  "end_byte": 73
                },
                "children": []
              },
              {
                "kind": ":",
                "field": null,
                "range": {
                  "start": {
                    "row": 2,
                    "column": 16
                  },
                  "end": {
                    "row": 2,
                    "column": 17
                  },
                  "start_byte": 88,
                  "end_byte": 89
                },
                "children": []
              }
            ]
          }
        ]
      },
      {
        "kind": "newline",
        "field": null,
        "range": {
          "start": {
            "row": 2,
            "column": 34
          },
          "end": {
            "row": 3,
            "column": 0
          },
          "start_byte": 106,
          "end_byte": 107
        },
        "children": []
      },
      {
        "kind": "line",
        "field": null,
        "range": {
          "start": {
            "row": 3,
            "column": 0
          },
          "end": {
            "row": 3,
            "column": 24
          },
          "start_byte": 107,
          "end_byte": 131
        },
        "children": [
          {
            "kind": "entity_construct",
            "field": null,
            "range": {
              "start": {
                "row": 3,
                "column": 0
              },
              "end": {
                "row": 3,
                "column": 24
              },
              "start_byte": 107,
              "end_byte": 131
            },
            "children": [
              {
                "kind": "@",
                "field": null,
                "range": {
                  "start": {
                    "row": 3,
                    "column": 0
                  },
                  "end": {
                    "row": 3,
                    "column": 1
                  },
                  "start_byte": 107,
                  "end_byte": 108
                },
                "children": []
              },
              {
                "kind": ":",
                "field": null,
                "range": {
                  "start": {
                    "row": 3,
                    "column": 11
                  },
                  "end": {
                    "row": 3,
                    "column": 12
                  },
                  "start_byte": 118,
                  "end_byte": 119
                },
                "children": []
              }
            ]
          }
        ]
      },
      {
        "kind": "newline",
        "field": null,
        "range": {
          "start": {
            "row": 3,
            "column": 24
          },
          "end": {
            "row": 4,
            "column": 0
          },
          "start_byte": 131,
          "end_byte": 132
        },
        "children": []
      },
      {
        "kind": "line",
        "field": null,
        "range": {
          "start": {
            "row": 4,
            "column": 0
          },
          "end": {
            "row": 4,
            "column": 41
          },
          "start_byte": 132,
          "end_byte": 173
        },
        "children": [
          {
            "kind": "entity_construct",
            "field": null,
            "range": {
              "start": {
                "row": 4,
                "column": 0
              },
              "end": {
                "row": 4,
                "column": 41
              },
              "start_byte": 132,
              "end_byte": 173
            },
            "children": [
              {
                "kind": "@",
                "field": null,
                "range": {
                  "start": {
                    "row": 4,
                    "column": 0
                  },
                  "end": {
                    "row": 4,
                    "column": 1
                  },
                  "start_byte": 132,
                  "end_byte": 133
                },
                "children": []
              },
              {
                "kind": ":",
                "field": null,
                "range": {
                  "start": {
                    "row": 4,
                    "column": 22
                  },
                  "end": {
                    "row": 4,
                    "column": 23
                  },
                  "start_byte": 154,
                  "end_byte": 155
                },
                "children": []
              }
            ]
          }
        ]
      }
    ]
  }
}
