---
source: premise-core/tests/ast_snapshots.rs
expression: value
---
{
  "diagnostics": [],
  "ast": {
    "kind": "source_file",
    "field": null,
    "range": {
      "start": {
        "row": 0,
        "column": 0
      },
      "end": {
        "row": 31,
        "column": 1
      },
      "start_byte": 0,
      "end_byte": 674
    },
    "children": [
      {
        "kind": "line_comment",
        "field": null,
        "range": {
          "start": {
            "row": 0,
            "column": 0
          },
          "end": {
            "row": 0,
            "column": 44
          },
          "start_byte": 0,
          "end_byte": 44
        },
        "children": []
      },
      {
        "kind": "newline",
        "field": null,
        "range": {
          "start": {
            "row": 0,
            "column": 44
          },
          "end": {
            "row": 1,
            "column": 0
          },
          "start_byte": 44,
          "end_byte": 45
        },
        "children": []
      },
      {
        "kind": "line_comment",
        "field": null,
        "range": {
          "start": {
            "row": 1,
            "column": 0
          },
          "end": {
            "row": 1,
            "column": 42
          },
          "start_byte": 45,
          "end_byte": 87
        },
        "children": []
      },
      {
        "kind": "newline",
        "field": null,
        "range": {
          "start": {
            "row": 1,
            "column": 42
          },
          "end": {
            "row": 2,
            "column": 0
          },
          "start_byte": 87,
          "end_byte": 88
        },
        "children": []
      },
      {
        "kind": "newline",
        "field": null,
        "range": {
          "start": {
            "row": 2,
            "column": 0
          },
          "end": {
            "row": 3,
            "column": 0
          },
          "start_byte": 88,
          "end_byte": 89
        },
        "children": []
      },
      {
        "kind": "line",
        "field": null,
        "range": {
          "start": {
            "row": 3,
            "column": 0
          },
          "end": {
            "row": 17,
            "column": 1
          },
          "start_byte": 89,
          "end_byte": 435
        },
        "children": [
          {
            "kind": "entity_block",
            "field": null,
            "range": {
              "start": {
                "row": 3,
                "column": 0
              },
              "end": {
                "row": 17,
                "column": 1
              },
              "start_byte": 89,
              "end_byte": 435
            },
            "children": [
              {
                "kind": "@",
                "field": null,
                "range": {
                  "start": {
                    "row": 3,
                    "column": 0
                  },
                  "end": {
                    "row": 3,
                    "column": 1
                  },
                  "start_byte": 89,
                  "end_byte": 90
                },
                "children": []
              },
              {
                "kind": "newline",
                "field": null,
                "range": {
                  "start": {
                    "row": 3,
                    "column": 13
                  },
                  "end": {
                    "row": 4,
                    "column": 0
                  },
                  "start_byte": 102,
                  "end_byte": 103
                },
                "children": []
              },
              {
                "kind": "entity_line",
                "field": null,
                "range": {
                  "start": {
                    "row": 4,
                    "column": 0
                  },
                  "end": {
                    "row": 4,
                    "column": 50
                  },
                  "start_byte": 103,
                  "end_byte": 153
                },
                "children": [
                  {
                    "kind": "entity_name",
                    "field": "entity_name",
                    "range": {
                      "start": {
                        "row": 4,
                        "column": 6
                      },
                      "end": {
                        "row": 4,
                        "column": 10
                      },
                      "start_byte": 109,
                      "end_byte": 113
                    },
                    "children": []
                  },
                  {
                    "kind": ":",
                    "field": null,
                    "range": {
                      "start": {
                        "row": 4,
                        "column": 10
                      },
                      "end": {
                        "row": 4,
                        "column": 11
                      },
                      "start_byte": 113,
                      "end_byte": 114
                    },
                    "children": []
                  },
                  {
                    "kind": "entity_desc",
                    "field": "entity_desc",
                    "range": {
                      "start": {
                        "row": 4,
                        "column": 12
                      },
                      "end": {
                        "row": 4,
                        "column": 50
                      },
                      "start_byte": 115,
                      "end_byte": 153
                    },
                    "children": []
                  }
                ]
              },
              {
                "kind": "newline",
                "field": null,
                "range": {
                  "start": {
                    "row": 4,
                    "column": 50
                  },
                  "end": {
                    "row": 5,
                    "column": 0
                  },
                  "start_byte": 153,
                  "end_byte": 154
                },
                "children": []
              },
              {
                "kind": "balanced_braces",
                "field": null,
                "range": {
                  "start": {
                    "row": 5,
                    "column": 12
                  },
                  "end": {
                    "row": 9,
                    "column": 7
                  },
                  "start_byte": 166,
                  "end_byte": 286
                },
                "children": [
                  {
                    "kind": "{",
                    "field": null,
                    "range": {
                      "start": {
                        "row": 5,
                        "column": 12
                      },
                      "end": {
                        "row": 5,
                        "column": 13
                      },
                      "start_byte": 166,
                      "end_byte": 167
                    },
                    "children": []
                  },
                  {
                    "kind": "}",
                    "field": null,
                    "range": {
                      "start": {
                        "row": 9,
                        "column": 6
                      },
                      "end": {
                        "row": 9,
                        "column": 7
                      },
                      "start_byte": 285,
                      "end_byte": 286
                    },
                    "children": []
                  }
                ]
              },
              {
                "kind": "newline",
                "field": null,
                "range": {
                  "start": {
                    "row": 9,
                    "column": 7
                  },
                  "end": {
                    "row": 10,
                    "column": 0
                  },
                  "start_byte": 286,
                  "end_byte": 287
                },
                "children": []
              },
              {
                "kind": "newline",
                "field": null,
                "range": {
                  "start": {
                    "row": 10,
                    "column": 0
                  },
                  "end": {
                    "row": 11,
                    "column": 0
                  },
                  "start_byte": 287,
                  "end_byte": 288
                },
                "children": []
              },
              {
                "kind": "entity_line",
                "field": null,
                "range": {
                  "start": {
                    "row": 11,
                    "column": 0
                  },
                  "end": {
                    "row": 11,
                    "column": 27
                  },
                  "start_byte": 288,
                  "end_byte": 315
                },
                "children": [
                  {
                    "kind": "entity_name",
                    "field": "entity_name",
                    "range": {
                      "start": {
                        "row": 11,
                        "column": 6
                      },
                      "end": {
                        "row": 11,
                        "column": 12
                      },
                      "start_byte": 294,
                      "end_byte": 300
                    },
                    "children": []
                  },
                  {
                    "kind": ":",
                    "field": null,
                    "range": {
                      "start": {
                        "row": 11,
                        "column": 12
                      },
                      "end": {
                        "row": 11,
                        "column": 13
                      },
                      "start_byte": 300,
                      "end_byte": 301
                    },
                    "children": []
                  },
                  {
                    "kind": "entity_desc",
                    "field": "entity_desc",
                    "range": {
                      "start": {
                        "row": 11,
                        "column": 14
                      },
                      "end": {
                        "row": 11,
                        "column": 27
                      },
                      "start_byte": 302,
                      "end_byte": 315
                    },
                    "children": []
                  }
                ]
              },
              {
                "kind": "newline",
                "field": null,
                "range": {
                  "start": {
                    "row": 11,
                    "column": 27
                  },
                  "end": {
                    "row": 12,
                    "column": 0
                  },
                  "start_byte": 315,
                  "end_byte": 316
                },
                "children": []
              },
              {
                "kind": "balanced_braces",
                "field": null,
                "range": {
                  "start": {
                    "row": 12,
                    "column": 12
                  },
                  "end": {
                    "row": 16,
                    "column": 7
                  },
                  "start_byte": 328,
                  "end_byte": 433
                },
                "children": [
                  {
                    "kind": "{",
                    "field": null,
                    "range": {
                      "start": {
                        "row": 12,
                        "column": 12
                      },
                      "end": {
                        "row": 12,
                        "column": 13
                      },
                      "start_byte": 328,
                      "end_byte": 329
                    },
                    "children": []
                  },
                  {
                    "kind": "}",
                    "field": null,
                    "range": {
                      "start": {
                        "row": 16,
                        "column": 6
                      },
                      "end": {
                        "row": 16,
                        "column": 7
                      },
                      "start_byte": 432,
                      "end_byte": 433
                    },
                    "children": []
                  }
                ]
              },
              {
                "kind": "newline",
                "field": null,
                "range": {
                  "start": {
                    "row": 16,
                    "column": 7
                  },
                  "end": {
                    "row": 17,
                    "column": 0
                  },
                  "start_byte": 433,
                  "end_byte": 434
                },
                "children": []
              },
              {
                "kind": "}",
                "field": null,
                "range": {
                  "start": {
                    "row": 17,
                    "column": 0
                  },
                  "end": {
                    "row": 17,
                    "column": 1
                  },
                  "start_byte": 434,
                  "end_byte": 435
                },
                "children": []
              }
            ]
          }
        ]
      },
      {
        "kind": "newline",
        "field": null,
        "range": {
          "start": {
            "row": 17,
            "column": 1
          },
          "end": {
            "row": 18,
            "column": 0
          },
          "start_byte": 435,
          "end_byte": 436
        },
        "children": []
      },
      {
        "kind": "newline",
        "field": null,
        "range": {
          "start": {
            "row": 18,
            "column": 0
          },
          "end": {
            "row": 19,
            "column": 0
          },
          "start_byte": 436,
          "end_byte": 437
        },
        "children": []
      },
      {
        "kind": "line",
        "field": null,
        "range": {
          "start": {
            "row": 19,
            "column": 0
          },
          "end": {
            "row": 26,
            "column": 1
          },
          "start_byte": 437,
          "end_byte": 606
        },
        "children": [
          {
            "kind": "entity_block",
            "field": null,
            "range": {
              "start": {
                "row": 19,
                "column": 0
              },
              "end": {
                "row": 26,
                "column": 1
              },
              "start_byte": 437,
              "end_byte": 606
            },
            "children": [
              {
                "kind": "@",
                "field": null,
                "range": {
                  "start": {
                    "row": 19,
                    "column": 0
                  },
                  "end": {
                    "row": 19,
                    "column": 1
                  },
                  "start_byte": 437,
                  "end_byte": 438
                },
                "children": []
              },
              {
                "kind": "newline",
                "field": null,
                "range": {
                  "start": {
                    "row": 19,
                    "column": 12
                  },
                  "end": {
                    "row": 20,
                    "column": 0
                  },
                  "start_byte": 449,
                  "end_byte": 450
                },
                "children": []
              },
              {
                "kind": "entity_line",
                "field": null,
                "range": {
                  "start": {
                    "row": 20,
                    "column": 0
                  },
                  "end": {
                    "row": 20,
                    "column": 40
                  },
                  "start_byte": 450,
                  "end_byte": 490
                },
                "children": [
                  {
                    "kind": "entity_name",
                    "field": "entity_name",
                    "range": {
                      "start": {
                        "row": 20,
                        "column": 6
                      },
                      "end": {
                        "row": 20,
                        "column": 13
                      },
                      "start_byte": 456,
                      "end_byte": 463
                    },
                    "children": []
                  },
                  {
                    "kind": ":",
                    "field": null,
                    "range": {
                      "start": {
                        "row": 20,
                        "column": 13
                      },
                      "end": {
                        "row": 20,
                        "column": 14
                      },
                      "start_byte": 463,
                      "end_byte": 464
                    },
                    "children": []
                  },
                  {
                    "kind": "entity_desc",
                    "field": "entity_desc",
                    "range": {
                      "start": {
                        "row": 20,
                        "column": 15
                      },
                      "end": {
                        "row": 20,
                        "column": 40
                      },
                      "start_byte": 465,
                      "end_byte": 490
                    },
                    "children": []
                  }
                ]
              },
              {
                "kind": "newline",
                "field": null,
                "range": {
                  "start": {
                    "row": 20,
                    "column": 40
                  },
                  "end": {
                    "row": 21,
                    "column": 0
                  },
                  "start_byte": 490,
                  "end_byte": 491
                },
                "children": []
              },
              {
                "kind": "balanced_braces",
                "field": null,
                "range": {
                  "start": {
                    "row": 21,
                    "column": 12
                  },
                  "end": {
                    "row": 25,
                    "column": 7
                  },
                  "start_byte": 503,
                  "end_byte": 604
                },
                "children": [
                  {
                    "kind": "{",
                    "field": null,
                    "range": {
                      "start": {
                        "row": 21,
                        "column": 12
                      },
                      "end": {
                        "row": 21,
                        "column": 13
                      },
                      "start_byte": 503,
                      "end_byte": 504
                    },
                    "children": []
                  },
                  {
                    "kind": "}",
                    "field": null,
                    "range": {
                      "start": {
                        "row": 25,
                        "column": 6
                      },
                      "end": {
                        "row": 25,
                        "column": 7
                      },
                      "start_byte": 603,
                      "end_byte": 604
                    },
                    "children": []
                  }
                ]
              },
              {
                "kind": "newline",
                "field": null,
                "range": {
                  "start": {
                    "row": 25,
                    "column": 7
                  },
                  "end": {
                    "row": 26,
                    "column": 0
                  },
                  "start_byte": 604,
                  "end_byte": 605
                },
                "children": []
              },
              {
                "kind": "}",
                "field": null,
                "range": {
                  "start": {
                    "row": 26,
                    "column": 0
                  },
                  "end": {
                    "row": 26,
                    "column": 1
                  },
                  "start_byte": 605,
                  "end_byte": 606
                },
                "children": []
              }
            ]
          }
        ]
      },
      {
        "kind": "newline",
        "field": null,
        "range": {
          "start": {
            "row": 26,
            "column": 1
          },
          "end": {
            "row": 27,
            "column": 0
          },
          "start_byte": 606,
          "end_byte": 607
        },
        "children": []
      },
      {
        "kind": "newline",
        "field": null,
        "range": {
          "start": {
            "row": 27,
            "column": 0
          },
          "end": {
            "row": 28,
            "column": 0
          },
          "start_byte": 607,
          "end_byte": 608
        },
        "children": []
      },
      {
        "kind": "line",
        "field": null,
        "range": {
          "start": {
            "row": 28,
            "column": 0
          },
          "end": {
            "row": 31,
            "column": 1
          },
          "start_byte": 608,
          "end_byte": 674
        },
        "children": [
          {
            "kind": "entity_block",
            "field": null,
            "range": {
              "start": {
                "row": 28,
                "column": 0
              },
              "end": {
                "row": 31,
                "column": 1
              },
              "start_byte": 608,
              "end_byte": 674
            },
            "children": [
              {
                "kind": "@",
                "field": null,
                "range": {
                  "start": {
                    "row": 28,
                    "column": 0
                  },
                  "end": {
                    "row": 28,
                    "column": 1
                  },
                  "start_byte": 608,
                  "end_byte": 609
                },
                "children": []
              },
              {
                "kind": "newline",
                "field": null,
                "range": {
                  "start": {
                    "row": 28,
                    "column": 7
                  },
                  "end": {
                    "row": 29,
                    "column": 0
                  },
                  "start_byte": 615,
                  "end_byte": 616
                },
                "children": []
              },
              {
                "kind": "}",
                "field": null,
                "range": {
                  "start": {
                    "row": 31,
                    "column": 0
                  },
                  "end": {
                    "row": 31,
                    "column": 1
                  },
                  "start_byte": 673,
                  "end_byte": 674
                },
                "children": []
              }
            ]
          }
        ]
      }
    ]
  }
}
