---
source: premise-core/tests/ast_snapshots.rs
expression: value
---
{
  "diagnostics": [],
  "ast": {
    "kind": "source_file",
    "field": null,
    "range": {
      "start": {
        "row": 0,
        "column": 0
      },
      "end": {
        "row": 15,
        "column": 0
      },
      "start_byte": 0,
      "end_byte": 404
    },
    "children": [
      {
        "kind": "line",
        "field": null,
        "range": {
          "start": {
            "row": 0,
            "column": 0
          },
          "end": {
            "row": 0,
            "column": 22
          },
          "start_byte": 0,
          "end_byte": 22
        },
        "children": [
          {
            "kind": "prose_line",
            "field": null,
            "range": {
              "start": {
                "row": 0,
                "column": 0
              },
              "end": {
                "row": 0,
                "column": 22
              },
              "start_byte": 0,
              "end_byte": 22
            },
            "children": [
              {
                "kind": "prose_text",
                "field": null,
                "range": {
                  "start": {
                    "row": 0,
                    "column": 0
                  },
                  "end": {
                    "row": 0,
                    "column": 22
                  },
                  "start_byte": 0,
                  "end_byte": 22
                },
                "children": []
              }
            ]
          }
        ]
      },
      {
        "kind": "newline",
        "field": null,
        "range": {
          "start": {
            "row": 0,
            "column": 22
          },
          "end": {
            "row": 1,
            "column": 0
          },
          "start_byte": 22,
          "end_byte": 23
        },
        "children": []
      },
      {
        "kind": "line",
        "field": null,
        "range": {
          "start": {
            "row": 1,
            "column": 0
          },
          "end": {
            "row": 1,
            "column": 19
          },
          "start_byte": 23,
          "end_byte": 42
        },
        "children": [
          {
            "kind": "prose_line",
            "field": null,
            "range": {
              "start": {
                "row": 1,
                "column": 0
              },
              "end": {
                "row": 1,
                "column": 19
              },
              "start_byte": 23,
              "end_byte": 42
            },
            "children": [
              {
                "kind": "prose_text",
                "field": null,
                "range": {
                  "start": {
                    "row": 1,
                    "column": 0
                  },
                  "end": {
                    "row": 1,
                    "column": 19
                  },
                  "start_byte": 23,
                  "end_byte": 42
                },
                "children": []
              }
            ]
          }
        ]
      },
      {
        "kind": "newline",
        "field": null,
        "range": {
          "start": {
            "row": 1,
            "column": 19
          },
          "end": {
            "row": 2,
            "column": 0
          },
          "start_byte": 42,
          "end_byte": 43
        },
        "children": []
      },
      {
        "kind": "line",
        "field": null,
        "range": {
          "start": {
            "row": 2,
            "column": 0
          },
          "end": {
            "row": 2,
            "column": 18
          },
          "start_byte": 43,
          "end_byte": 61
        },
        "children": [
          {
            "kind": "prose_line",
            "field": null,
            "range": {
              "start": {
                "row": 2,
                "column": 0
              },
              "end": {
                "row": 2,
                "column": 18
              },
              "start_byte": 43,
              "end_byte": 61
            },
            "children": [
              {
                "kind": "prose_text",
                "field": null,
                "range": {
                  "start": {
                    "row": 2,
                    "column": 0
                  },
                  "end": {
                    "row": 2,
                    "column": 18
                  },
                  "start_byte": 43,
                  "end_byte": 61
                },
                "children": []
              }
            ]
          }
        ]
      },
      {
        "kind": "newline",
        "field": null,
        "range": {
          "start": {
            "row": 2,
            "column": 18
          },
          "end": {
            "row": 3,
            "column": 0
          },
          "start_byte": 61,
          "end_byte": 62
        },
        "children": []
      },
      {
        "kind": "line",
        "field": null,
        "range": {
          "start": {
            "row": 3,
            "column": 0
          },
          "end": {
            "row": 3,
            "column": 96
          },
          "start_byte": 62,
          "end_byte": 158
        },
        "children": [
          {
            "kind": "prose_line",
            "field": null,
            "range": {
              "start": {
                "row": 3,
                "column": 0
              },
              "end": {
                "row": 3,
                "column": 96
              },
              "start_byte": 62,
              "end_byte": 158
            },
            "children": [
              {
                "kind": "prose_text",
                "field": null,
                "range": {
                  "start": {
                    "row": 3,
                    "column": 0
                  },
                  "end": {
                    "row": 3,
                    "column": 96
                  },
                  "start_byte": 62,
                  "end_byte": 158
                },
                "children": []
              }
            ]
          }
        ]
      },
      {
        "kind": "newline",
        "field": null,
        "range": {
          "start": {
            "row": 3,
            "column": 96
          },
          "end": {
            "row": 4,
            "column": 0
          },
          "start_byte": 158,
          "end_byte": 159
        },
        "children": []
      },
      {
        "kind": "line",
        "field": null,
        "range": {
          "start": {
            "row": 4,
            "column": 0
          },
          "end": {
            "row": 4,
            "column": 11
          },
          "start_byte": 159,
          "end_byte": 170
        },
        "children": [
          {
            "kind": "prose_line",
            "field": null,
            "range": {
              "start": {
                "row": 4,
                "column": 0
              },
              "end": {
                "row": 4,
                "column": 11
              },
              "start_byte": 159,
              "end_byte": 170
            },
            "children": [
              {
                "kind": "prose_text",
                "field": null,
                "range": {
                  "start": {
                    "row": 4,
                    "column": 0
                  },
                  "end": {
                    "row": 4,
                    "column": 11
                  },
                  "start_byte": 159,
                  "end_byte": 170
                },
                "children": []
              }
            ]
          }
        ]
      },
      {
        "kind": "newline",
        "field": null,
        "range": {
          "start": {
            "row": 4,
            "column": 11
          },
          "end": {
            "row": 5,
            "column": 0
          },
          "start_byte": 170,
          "end_byte": 171
        },
        "children": []
      },
      {
        "kind": "line",
        "field": null,
        "range": {
          "start": {
            "row": 5,
            "column": 0
          },
          "end": {
            "row": 5,
            "column": 43
          },
          "start_byte": 171,
          "end_byte": 214
        },
        "children": [
          {
            "kind": "prose_line",
            "field": null,
            "range": {
              "start": {
                "row": 5,
                "column": 0
              },
              "end": {
                "row": 5,
                "column": 43
              },
              "start_byte": 171,
              "end_byte": 214
            },
            "children": [
              {
                "kind": "prose_text",
                "field": null,
                "range": {
                  "start": {
                    "row": 5,
                    "column": 0
                  },
                  "end": {
                    "row": 5,
                    "column": 43
                  },
                  "start_byte": 171,
                  "end_byte": 214
                },
                "children": []
              }
            ]
          }
        ]
      },
      {
        "kind": "newline",
        "field": null,
        "range": {
          "start": {
            "row": 5,
            "column": 43
          },
          "end": {
            "row": 6,
            "column": 0
          },
          "start_byte": 214,
          "end_byte": 215
        },
        "children": []
      },
      {
        "kind": "line",
        "field": null,
        "range": {
          "start": {
            "row": 6,
            "column": 0
          },
          "end": {
            "row": 6,
            "column": 48
          },
          "start_byte": 215,
          "end_byte": 263
        },
        "children": [
          {
            "kind": "prose_line",
            "field": null,
            "range": {
              "start": {
                "row": 6,
                "column": 0
              },
              "end": {
                "row": 6,
                "column": 48
              },
              "start_byte": 215,
              "end_byte": 263
            },
            "children": [
              {
                "kind": "prose_text",
                "field": null,
                "range": {
                  "start": {
                    "row": 6,
                    "column": 0
                  },
                  "end": {
                    "row": 6,
                    "column": 48
                  },
                  "start_byte": 215,
                  "end_byte": 263
                },
                "children": []
              }
            ]
          }
        ]
      },
      {
        "kind": "newline",
        "field": null,
        "range": {
          "start": {
            "row": 6,
            "column": 48
          },
          "end": {
            "row": 7,
            "column": 0
          },
          "start_byte": 263,
          "end_byte": 264
        },
        "children": []
      },
      {
        "kind": "line",
        "field": null,
        "range": {
          "start": {
            "row": 7,
            "column": 0
          },
          "end": {
            "row": 7,
            "column": 51
          },
          "start_byte": 264,
          "end_byte": 315
        },
        "children": [
          {
            "kind": "prose_line",
            "field": null,
            "range": {
              "start": {
                "row": 7,
                "column": 0
              },
              "end": {
                "row": 7,
                "column": 51
              },
              "start_byte": 264,
              "end_byte": 315
            },
            "children": [
              {
                "kind": "prose_text",
                "field": null,
                "range": {
                  "start": {
                    "row": 7,
                    "column": 0
                  },
                  "end": {
                    "row": 7,
                    "column": 51
                  },
                  "start_byte": 264,
                  "end_byte": 315
                },
                "children": []
              }
            ]
          }
        ]
      },
      {
        "kind": "newline",
        "field": null,
        "range": {
          "start": {
            "row": 7,
            "column": 51
          },
          "end": {
            "row": 8,
            "column": 0
          },
          "start_byte": 315,
          "end_byte": 316
        },
        "children": []
      },
      {
        "kind": "line",
        "field": null,
        "range": {
          "start": {
            "row": 8,
            "column": 0
          },
          "end": {
            "row": 8,
            "column": 37
          },
          "start_byte": 316,
          "end_byte": 353
        },
        "children": [
          {
            "kind": "prose_line",
            "field": null,
            "range": {
              "start": {
                "row": 8,
                "column": 0
              },
              "end": {
                "row": 8,
                "column": 37
              },
              "start_byte": 316,
              "end_byte": 353
            },
            "children": [
              {
                "kind": "prose_text",
                "field": null,
                "range": {
                  "start": {
                    "row": 8,
                    "column": 0
                  },
                  "end": {
                    "row": 8,
                    "column": 37
                  },
                  "start_byte": 316,
                  "end_byte": 353
                },
                "children": []
              }
            ]
          }
        ]
      },
      {
        "kind": "newline",
        "field": null,
        "range": {
          "start": {
            "row": 8,
            "column": 37
          },
          "end": {
            "row": 9,
            "column": 0
          },
          "start_byte": 353,
          "end_byte": 354
        },
        "children": []
      },
      {
        "kind": "newline",
        "field": null,
        "range": {
          "start": {
            "row": 9,
            "column": 0
          },
          "end": {
            "row": 10,
            "column": 0
          },
          "start_byte": 354,
          "end_byte": 355
        },
        "children": []
      },
      {
        "kind": "line",
        "field": null,
        "range": {
          "start": {
            "row": 10,
            "column": 0
          },
          "end": {
            "row": 10,
            "column": 7
          },
          "start_byte": 355,
          "end_byte": 362
        },
        "children": [
          {
            "kind": "act_header",
            "field": null,
            "range": {
              "start": {
                "row": 10,
                "column": 0
              },
              "end": {
                "row": 10,
                "column": 7
              },
              "start_byte": 355,
              "end_byte": 362
            },
            "children": [
              {
                "kind": "=",
                "field": null,
                "range": {
                  "start": {
                    "row": 10,
                    "column": 0
                  },
                  "end": {
                    "row": 10,
                    "column": 1
                  },
                  "start_byte": 355,
                  "end_byte": 356
                },
                "children": []
              }
            ]
          }
        ]
      },
      {
        "kind": "newline",
        "field": null,
        "range": {
          "start": {
            "row": 10,
            "column": 7
          },
          "end": {
            "row": 11,
            "column": 0
          },
          "start_byte": 362,
          "end_byte": 363
        },
        "children": []
      },
      {
        "kind": "newline",
        "field": null,
        "range": {
          "start": {
            "row": 11,
            "column": 0
          },
          "end": {
            "row": 12,
            "column": 0
          },
          "start_byte": 363,
          "end_byte": 364
        },
        "children": []
      },
      {
        "kind": "line",
        "field": null,
        "range": {
          "start": {
            "row": 12,
            "column": 0
          },
          "end": {
            "row": 12,
            "column": 10
          },
          "start_byte": 364,
          "end_byte": 374
        },
        "children": [
          {
            "kind": "scene_header",
            "field": null,
            "range": {
              "start": {
                "row": 12,
                "column": 0
              },
              "end": {
                "row": 12,
                "column": 10
              },
              "start_byte": 364,
              "end_byte": 374
            },
            "children": [
              {
                "kind": "==",
                "field": null,
                "range": {
                  "start": {
                    "row": 12,
                    "column": 0
                  },
                  "end": {
                    "row": 12,
                    "column": 2
                  },
                  "start_byte": 364,
                  "end_byte": 366
                },
                "children": []
              }
            ]
          }
        ]
      },
      {
        "kind": "newline",
        "field": null,
        "range": {
          "start": {
            "row": 12,
            "column": 10
          },
          "end": {
            "row": 13,
            "column": 0
          },
          "start_byte": 374,
          "end_byte": 375
        },
        "children": []
      },
      {
        "kind": "newline",
        "field": null,
        "range": {
          "start": {
            "row": 13,
            "column": 0
          },
          "end": {
            "row": 14,
            "column": 0
          },
          "start_byte": 375,
          "end_byte": 376
        },
        "children": []
      },
      {
        "kind": "line",
        "field": null,
        "range": {
          "start": {
            "row": 14,
            "column": 0
          },
          "end": {
            "row": 14,
            "column": 27
          },
          "start_byte": 376,
          "end_byte": 403
        },
        "children": [
          {
            "kind": "content_type_beat",
            "field": null,
            "range": {
              "start": {
                "row": 14,
                "column": 0
              },
              "end": {
                "row": 14,
                "column": 27
              },
              "start_byte": 376,
              "end_byte": 403
            },
            "children": [
              {
                "kind": "#",
                "field": null,
                "range": {
                  "start": {
                    "row": 14,
                    "column": 0
                  },
                  "end": {
                    "row": 14,
                    "column": 1
                  },
                  "start_byte": 376,
                  "end_byte": 377
                },
                "children": []
              }
            ]
          }
        ]
      },
      {
        "kind": "newline",
        "field": null,
        "range": {
          "start": {
            "row": 14,
            "column": 27
          },
          "end": {
            "row": 15,
            "column": 0
          },
          "start_byte": 403,
          "end_byte": 404
        },
        "children": []
      }
    ]
  }
}
