---
source: premise-core/tests/ast_snapshots.rs
expression: value
---
{
  "diagnostics": [
    {
      "severity": "Error",
      "message": "ERROR node encountered"
    }
  ],
  "ast": {
    "kind": "source_file",
    "field": null,
    "range": {
      "start": {
        "row": 0,
        "column": 0
      },
      "end": {
        "row": 9,
        "column": 0
      },
      "start_byte": 0,
      "end_byte": 229
    },
    "children": [
      {
        "kind": "line_comment",
        "field": null,
        "range": {
          "start": {
            "row": 0,
            "column": 0
          },
          "end": {
            "row": 0,
            "column": 29
          },
          "start_byte": 0,
          "end_byte": 29
        },
        "children": []
      },
      {
        "kind": "newline",
        "field": null,
        "range": {
          "start": {
            "row": 0,
            "column": 29
          },
          "end": {
            "row": 1,
            "column": 0
          },
          "start_byte": 29,
          "end_byte": 30
        },
        "children": []
      },
      {
        "kind": "line",
        "field": null,
        "range": {
          "start": {
            "row": 1,
            "column": 0
          },
          "end": {
            "row": 1,
            "column": 30
          },
          "start_byte": 30,
          "end_byte": 60
        },
        "children": [
          {
            "kind": "import_statement",
            "field": null,
            "range": {
              "start": {
                "row": 1,
                "column": 0
              },
              "end": {
                "row": 1,
                "column": 30
              },
              "start_byte": 30,
              "end_byte": 60
            },
            "children": [
              {
                "kind": "@import",
                "field": null,
                "range": {
                  "start": {
                    "row": 1,
                    "column": 0
                  },
                  "end": {
                    "row": 1,
                    "column": 7
                  },
                  "start_byte": 30,
                  "end_byte": 37
                },
                "children": []
              },
              {
                "kind": "\"",
                "field": null,
                "range": {
                  "start": {
                    "row": 1,
                    "column": 8
                  },
                  "end": {
                    "row": 1,
                    "column": 9
                  },
                  "start_byte": 38,
                  "end_byte": 39
                },
                "children": []
              },
              {
                "kind": "\"",
                "field": null,
                "range": {
                  "start": {
                    "row": 1,
                    "column": 29
                  },
                  "end": {
                    "row": 1,
                    "column": 30
                  },
                  "start_byte": 59,
                  "end_byte": 60
                },
                "children": []
              }
            ]
          }
        ]
      },
      {
        "kind": "line_comment",
        "field": null,
        "range": {
          "start": {
            "row": 1,
            "column": 30
          },
          "end": {
            "row": 1,
            "column": 53
          },
          "start_byte": 60,
          "end_byte": 83
        },
        "children": []
      },
      {
        "kind": "newline",
        "field": null,
        "range": {
          "start": {
            "row": 1,
            "column": 53
          },
          "end": {
            "row": 2,
            "column": 0
          },
          "start_byte": 83,
          "end_byte": 84
        },
        "children": []
      },
      {
        "kind": "line",
        "field": null,
        "range": {
          "start": {
            "row": 2,
            "column": 0
          },
          "end": {
            "row": 4,
            "column": 29
          },
          "start_byte": 84,
          "end_byte": 156
        },
        "children": [
          {
            "kind": "adapter_statement",
            "field": null,
            "range": {
              "start": {
                "row": 2,
                "column": 0
              },
              "end": {
                "row": 4,
                "column": 29
              },
              "start_byte": 84,
              "end_byte": 156
            },
            "children": [
              {
                "kind": "\"",
                "field": null,
                "range": {
                  "start": {
                    "row": 2,
                    "column": 9
                  },
                  "end": {
                    "row": 2,
                    "column": 10
                  },
                  "start_byte": 93,
                  "end_byte": 94
                },
                "children": []
              },
              {
                "kind": "adapter_path",
                "field": "adapter_path",
                "range": {
                  "start": {
                    "row": 2,
                    "column": 10
                  },
                  "end": {
                    "row": 2,
                    "column": 29
                  },
                  "start_byte": 94,
                  "end_byte": 113
                },
                "children": []
              },
              {
                "kind": "\"",
                "field": null,
                "range": {
                  "start": {
                    "row": 2,
                    "column": 29
                  },
                  "end": {
                    "row": 2,
                    "column": 30
                  },
                  "start_byte": 113,
                  "end_byte": 114
                },
                "children": []
              },
              {
                "kind": "ERROR",
                "field": null,
                "range": {
                  "start": {
                    "row": 2,
                    "column": 31
                  },
                  "end": {
                    "row": 4,
                    "column": 15
                  },
                  "start_byte": 115,
                  "end_byte": 142
                },
                "children": [
                  {
                    "kind": "=",
                    "field": null,
                    "range": {
                      "start": {
                        "row": 2,
                        "column": 37
                      },
                      "end": {
                        "row": 2,
                        "column": 38
                      },
                      "start_byte": 121,
                      "end_byte": 122
                    },
                    "children": []
                  },
                  {
                    "kind": "+",
                    "field": null,
                    "range": {
                      "start": {
                        "row": 4,
                        "column": 0
                      },
                      "end": {
                        "row": 4,
                        "column": 1
                      },
                      "start_byte": 127,
                      "end_byte": 128
                    },
                    "children": []
                  }
                ]
              },
              {
                "kind": ":",
                "field": null,
                "range": {
                  "start": {
                    "row": 4,
                    "column": 15
                  },
                  "end": {
                    "row": 4,
                    "column": 16
                  },
                  "start_byte": 142,
                  "end_byte": 143
                },
                "children": []
              },
              {
                "kind": "prop_value",
                "field": "adapter_spec",
                "range": {
                  "start": {
                    "row": 4,
                    "column": 17
                  },
                  "end": {
                    "row": 4,
                    "column": 29
                  },
                  "start_byte": 144,
                  "end_byte": 156
                },
                "children": [
                  {
                    "kind": "simple_value",
                    "field": null,
                    "range": {
                      "start": {
                        "row": 4,
                        "column": 17
                      },
                      "end": {
                        "row": 4,
                        "column": 29
                      },
                      "start_byte": 144,
                      "end_byte": 156
                    },
                    "children": []
                  }
                ]
              }
            ]
          }
        ]
      },
      {
        "kind": "newline",
        "field": null,
        "range": {
          "start": {
            "row": 4,
            "column": 29
          },
          "end": {
            "row": 5,
            "column": 0
          },
          "start_byte": 156,
          "end_byte": 157
        },
        "children": []
      },
      {
        "kind": "line",
        "field": null,
        "range": {
          "start": {
            "row": 5,
            "column": 0
          },
          "end": {
            "row": 5,
            "column": 19
          },
          "start_byte": 157,
          "end_byte": 176
        },
        "children": [
          {
            "kind": "metadata_line",
            "field": null,
            "range": {
              "start": {
                "row": 5,
                "column": 0
              },
              "end": {
                "row": 5,
                "column": 19
              },
              "start_byte": 157,
              "end_byte": 176
            },
            "children": [
              {
                "kind": "+",
                "field": null,
                "range": {
                  "start": {
                    "row": 5,
                    "column": 0
                  },
                  "end": {
                    "row": 5,
                    "column": 1
                  },
                  "start_byte": 157,
                  "end_byte": 158
                },
                "children": []
              },
              {
                "kind": ":",
                "field": null,
                "range": {
                  "start": {
                    "row": 5,
                    "column": 14
                  },
                  "end": {
                    "row": 5,
                    "column": 15
                  },
                  "start_byte": 171,
                  "end_byte": 172
                },
                "children": []
              }
            ]
          }
        ]
      },
      {
        "kind": "newline",
        "field": null,
        "range": {
          "start": {
            "row": 5,
            "column": 19
          },
          "end": {
            "row": 6,
            "column": 0
          },
          "start_byte": 176,
          "end_byte": 177
        },
        "children": []
      },
      {
        "kind": "newline",
        "field": null,
        "range": {
          "start": {
            "row": 6,
            "column": 0
          },
          "end": {
            "row": 7,
            "column": 0
          },
          "start_byte": 177,
          "end_byte": 178
        },
        "children": []
      },
      {
        "kind": "line_comment",
        "field": null,
        "range": {
          "start": {
            "row": 7,
            "column": 0
          },
          "end": {
            "row": 7,
            "column": 24
          },
          "start_byte": 178,
          "end_byte": 202
        },
        "children": []
      },
      {
        "kind": "newline",
        "field": null,
        "range": {
          "start": {
            "row": 7,
            "column": 24
          },
          "end": {
            "row": 8,
            "column": 0
          },
          "start_byte": 202,
          "end_byte": 203
        },
        "children": []
      },
      {
        "kind": "line",
        "field": null,
        "range": {
          "start": {
            "row": 8,
            "column": 0
          },
          "end": {
            "row": 8,
            "column": 25
          },
          "start_byte": 203,
          "end_byte": 228
        },
        "children": [
          {
            "kind": "metadata_line",
            "field": null,
            "range": {
              "start": {
                "row": 8,
                "column": 0
              },
              "end": {
                "row": 8,
                "column": 25
              },
              "start_byte": 203,
              "end_byte": 228
            },
            "children": [
              {
                "kind": "+",
                "field": null,
                "range": {
                  "start": {
                    "row": 8,
                    "column": 0
                  },
                  "end": {
                    "row": 8,
                    "column": 1
                  },
                  "start_byte": 203,
                  "end_byte": 204
                },
                "children": []
              },
              {
                "kind": ":",
                "field": null,
                "range": {
                  "start": {
                    "row": 8,
                    "column": 13
                  },
                  "end": {
                    "row": 8,
                    "column": 14
                  },
                  "start_byte": 216,
                  "end_byte": 217
                },
                "children": []
              }
            ]
          }
        ]
      },
      {
        "kind": "newline",
        "field": null,
        "range": {
          "start": {
            "row": 8,
            "column": 25
          },
          "end": {
            "row": 9,
            "column": 0
          },
          "start_byte": 228,
          "end_byte": 229
        },
        "children": []
      }
    ]
  }
}
