---
source: premise-core/tests/ast_snapshots.rs
expression: value
---
{
  "diagnostics": [],
  "ast": {
    "kind": "source_file",
    "field": null,
    "range": {
      "start": {
        "row": 0,
        "column": 0
      },
      "end": {
        "row": 31,
        "column": 1
      },
      "start_byte": 0,
      "end_byte": 672
    },
    "children": [
      {
        "kind": "line_comment",
        "field": null,
        "range": {
          "start": {
            "row": 0,
            "column": 0
          },
          "end": {
            "row": 0,
            "column": 43
          },
          "start_byte": 0,
          "end_byte": 43
        },
        "children": []
      },
      {
        "kind": "newline",
        "field": null,
        "range": {
          "start": {
            "row": 0,
            "column": 43
          },
          "end": {
            "row": 1,
            "column": 0
          },
          "start_byte": 43,
          "end_byte": 44
        },
        "children": []
      },
      {
        "kind": "line_comment",
        "field": null,
        "range": {
          "start": {
            "row": 1,
            "column": 0
          },
          "end": {
            "row": 1,
            "column": 41
          },
          "start_byte": 44,
          "end_byte": 85
        },
        "children": []
      },
      {
        "kind": "newline",
        "field": null,
        "range": {
          "start": {
            "row": 1,
            "column": 41
          },
          "end": {
            "row": 2,
            "column": 0
          },
          "start_byte": 85,
          "end_byte": 86
        },
        "children": []
      },
      {
        "kind": "newline",
        "field": null,
        "range": {
          "start": {
            "row": 2,
            "column": 0
          },
          "end": {
            "row": 3,
            "column": 0
          },
          "start_byte": 86,
          "end_byte": 87
        },
        "children": []
      },
      {
        "kind": "line",
        "field": null,
        "range": {
          "start": {
            "row": 3,
            "column": 0
          },
          "end": {
            "row": 17,
            "column": 1
          },
          "start_byte": 87,
          "end_byte": 433
        },
        "children": [
          {
            "kind": "entity_block",
            "field": null,
            "range": {
              "start": {
                "row": 3,
                "column": 0
              },
              "end": {
                "row": 17,
                "column": 1
              },
              "start_byte": 87,
              "end_byte": 433
            },
            "children": [
              {
                "kind": "@",
                "field": null,
                "range": {
                  "start": {
                    "row": 3,
                    "column": 0
                  },
                  "end": {
                    "row": 3,
                    "column": 1
                  },
                  "start_byte": 87,
                  "end_byte": 88
                },
                "children": []
              },
              {
                "kind": "newline",
                "field": null,
                "range": {
                  "start": {
                    "row": 3,
                    "column": 13
                  },
                  "end": {
                    "row": 4,
                    "column": 0
                  },
                  "start_byte": 100,
                  "end_byte": 101
                },
                "children": []
              },
              {
                "kind": "entity_line",
                "field": null,
                "range": {
                  "start": {
                    "row": 4,
                    "column": 0
                  },
                  "end": {
                    "row": 4,
                    "column": 50
                  },
                  "start_byte": 101,
                  "end_byte": 151
                },
                "children": [
                  {
                    "kind": "entity_name",
                    "field": "entity_name",
                    "range": {
                      "start": {
                        "row": 4,
                        "column": 6
                      },
                      "end": {
                        "row": 4,
                        "column": 10
                      },
                      "start_byte": 107,
                      "end_byte": 111
                    },
                    "children": []
                  },
                  {
                    "kind": ":",
                    "field": null,
                    "range": {
                      "start": {
                        "row": 4,
                        "column": 10
                      },
                      "end": {
                        "row": 4,
                        "column": 11
                      },
                      "start_byte": 111,
                      "end_byte": 112
                    },
                    "children": []
                  },
                  {
                    "kind": "entity_desc",
                    "field": "entity_desc",
                    "range": {
                      "start": {
                        "row": 4,
                        "column": 12
                      },
                      "end": {
                        "row": 4,
                        "column": 50
                      },
                      "start_byte": 113,
                      "end_byte": 151
                    },
                    "children": []
                  }
                ]
              },
              {
                "kind": "newline",
                "field": null,
                "range": {
                  "start": {
                    "row": 4,
                    "column": 50
                  },
                  "end": {
                    "row": 5,
                    "column": 0
                  },
                  "start_byte": 151,
                  "end_byte": 152
                },
                "children": []
              },
              {
                "kind": "balanced_braces",
                "field": null,
                "range": {
                  "start": {
                    "row": 5,
                    "column": 12
                  },
                  "end": {
                    "row": 9,
                    "column": 7
                  },
                  "start_byte": 164,
                  "end_byte": 284
                },
                "children": [
                  {
                    "kind": "{",
                    "field": null,
                    "range": {
                      "start": {
                        "row": 5,
                        "column": 12
                      },
                      "end": {
                        "row": 5,
                        "column": 13
                      },
                      "start_byte": 164,
                      "end_byte": 165
                    },
                    "children": []
                  },
                  {
                    "kind": "}",
                    "field": null,
                    "range": {
                      "start": {
                        "row": 9,
                        "column": 6
                      },
                      "end": {
                        "row": 9,
                        "column": 7
                      },
                      "start_byte": 283,
                      "end_byte": 284
                    },
                    "children": []
                  }
                ]
              },
              {
                "kind": "newline",
                "field": null,
                "range": {
                  "start": {
                    "row": 9,
                    "column": 7
                  },
                  "end": {
                    "row": 10,
                    "column": 0
                  },
                  "start_byte": 284,
                  "end_byte": 285
                },
                "children": []
              },
              {
                "kind": "newline",
                "field": null,
                "range": {
                  "start": {
                    "row": 10,
                    "column": 0
                  },
                  "end": {
                    "row": 11,
                    "column": 0
                  },
                  "start_byte": 285,
                  "end_byte": 286
                },
                "children": []
              },
              {
                "kind": "entity_line",
                "field": null,
                "range": {
                  "start": {
                    "row": 11,
                    "column": 0
                  },
                  "end": {
                    "row": 11,
                    "column": 27
                  },
                  "start_byte": 286,
                  "end_byte": 313
                },
                "children": [
                  {
                    "kind": "entity_name",
                    "field": "entity_name",
                    "range": {
                      "start": {
                        "row": 11,
                        "column": 6
                      },
                      "end": {
                        "row": 11,
                        "column": 12
                      },
                      "start_byte": 292,
                      "end_byte": 298
                    },
                    "children": []
                  },
                  {
                    "kind": ":",
                    "field": null,
                    "range": {
                      "start": {
                        "row": 11,
                        "column": 12
                      },
                      "end": {
                        "row": 11,
                        "column": 13
                      },
                      "start_byte": 298,
                      "end_byte": 299
                    },
                    "children": []
                  },
                  {
                    "kind": "entity_desc",
                    "field": "entity_desc",
                    "range": {
                      "start": {
                        "row": 11,
                        "column": 14
                      },
                      "end": {
                        "row": 11,
                        "column": 27
                      },
                      "start_byte": 300,
                      "end_byte": 313
                    },
                    "children": []
                  }
                ]
              },
              {
                "kind": "newline",
                "field": null,
                "range": {
                  "start": {
                    "row": 11,
                    "column": 27
                  },
                  "end": {
                    "row": 12,
                    "column": 0
                  },
                  "start_byte": 313,
                  "end_byte": 314
                },
                "children": []
              },
              {
                "kind": "balanced_braces",
                "field": null,
                "range": {
                  "start": {
                    "row": 12,
                    "column": 12
                  },
                  "end": {
                    "row": 16,
                    "column": 7
                  },
                  "start_byte": 326,
                  "end_byte": 431
                },
                "children": [
                  {
                    "kind": "{",
                    "field": null,
                    "range": {
                      "start": {
                        "row": 12,
                        "column": 12
                      },
                      "end": {
                        "row": 12,
                        "column": 13
                      },
                      "start_byte": 326,
                      "end_byte": 327
                    },
                    "children": []
                  },
                  {
                    "kind": "}",
                    "field": null,
                    "range": {
                      "start": {
                        "row": 16,
                        "column": 6
                      },
                      "end": {
                        "row": 16,
                        "column": 7
                      },
                      "start_byte": 430,
                      "end_byte": 431
                    },
                    "children": []
                  }
                ]
              },
              {
                "kind": "newline",
                "field": null,
                "range": {
                  "start": {
                    "row": 16,
                    "column": 7
                  },
                  "end": {
                    "row": 17,
                    "column": 0
                  },
                  "start_byte": 431,
                  "end_byte": 432
                },
                "children": []
              },
              {
                "kind": "}",
                "field": null,
                "range": {
                  "start": {
                    "row": 17,
                    "column": 0
                  },
                  "end": {
                    "row": 17,
                    "column": 1
                  },
                  "start_byte": 432,
                  "end_byte": 433
                },
                "children": []
              }
            ]
          }
        ]
      },
      {
        "kind": "newline",
        "field": null,
        "range": {
          "start": {
            "row": 17,
            "column": 1
          },
          "end": {
            "row": 18,
            "column": 0
          },
          "start_byte": 433,
          "end_byte": 434
        },
        "children": []
      },
      {
        "kind": "newline",
        "field": null,
        "range": {
          "start": {
            "row": 18,
            "column": 0
          },
          "end": {
            "row": 19,
            "column": 0
          },
          "start_byte": 434,
          "end_byte": 435
        },
        "children": []
      },
      {
        "kind": "line",
        "field": null,
        "range": {
          "start": {
            "row": 19,
            "column": 0
          },
          "end": {
            "row": 26,
            "column": 1
          },
          "start_byte": 435,
          "end_byte": 604
        },
        "children": [
          {
            "kind": "entity_block",
            "field": null,
            "range": {
              "start": {
                "row": 19,
                "column": 0
              },
              "end": {
                "row": 26,
                "column": 1
              },
              "start_byte": 435,
              "end_byte": 604
            },
            "children": [
              {
                "kind": "@",
                "field": null,
                "range": {
                  "start": {
                    "row": 19,
                    "column": 0
                  },
                  "end": {
                    "row": 19,
                    "column": 1
                  },
                  "start_byte": 435,
                  "end_byte": 436
                },
                "children": []
              },
              {
                "kind": "newline",
                "field": null,
                "range": {
                  "start": {
                    "row": 19,
                    "column": 12
                  },
                  "end": {
                    "row": 20,
                    "column": 0
                  },
                  "start_byte": 447,
                  "end_byte": 448
                },
                "children": []
              },
              {
                "kind": "entity_line",
                "field": null,
                "range": {
                  "start": {
                    "row": 20,
                    "column": 0
                  },
                  "end": {
                    "row": 20,
                    "column": 40
                  },
                  "start_byte": 448,
                  "end_byte": 488
                },
                "children": [
                  {
                    "kind": "entity_name",
                    "field": "entity_name",
                    "range": {
                      "start": {
                        "row": 20,
                        "column": 6
                      },
                      "end": {
                        "row": 20,
                        "column": 13
                      },
                      "start_byte": 454,
                      "end_byte": 461
                    },
                    "children": []
                  },
                  {
                    "kind": ":",
                    "field": null,
                    "range": {
                      "start": {
                        "row": 20,
                        "column": 13
                      },
                      "end": {
                        "row": 20,
                        "column": 14
                      },
                      "start_byte": 461,
                      "end_byte": 462
                    },
                    "children": []
                  },
                  {
                    "kind": "entity_desc",
                    "field": "entity_desc",
                    "range": {
                      "start": {
                        "row": 20,
                        "column": 15
                      },
                      "end": {
                        "row": 20,
                        "column": 40
                      },
                      "start_byte": 463,
                      "end_byte": 488
                    },
                    "children": []
                  }
                ]
              },
              {
                "kind": "newline",
                "field": null,
                "range": {
                  "start": {
                    "row": 20,
                    "column": 40
                  },
                  "end": {
                    "row": 21,
                    "column": 0
                  },
                  "start_byte": 488,
                  "end_byte": 489
                },
                "children": []
              },
              {
                "kind": "balanced_braces",
                "field": null,
                "range": {
                  "start": {
                    "row": 21,
                    "column": 12
                  },
                  "end": {
                    "row": 25,
                    "column": 7
                  },
                  "start_byte": 501,
                  "end_byte": 602
                },
                "children": [
                  {
                    "kind": "{",
                    "field": null,
                    "range": {
                      "start": {
                        "row": 21,
                        "column": 12
                      },
                      "end": {
                        "row": 21,
                        "column": 13
                      },
                      "start_byte": 501,
                      "end_byte": 502
                    },
                    "children": []
                  },
                  {
                    "kind": "}",
                    "field": null,
                    "range": {
                      "start": {
                        "row": 25,
                        "column": 6
                      },
                      "end": {
                        "row": 25,
                        "column": 7
                      },
                      "start_byte": 601,
                      "end_byte": 602
                    },
                    "children": []
                  }
                ]
              },
              {
                "kind": "newline",
                "field": null,
                "range": {
                  "start": {
                    "row": 25,
                    "column": 7
                  },
                  "end": {
                    "row": 26,
                    "column": 0
                  },
                  "start_byte": 602,
                  "end_byte": 603
                },
                "children": []
              },
              {
                "kind": "}",
                "field": null,
                "range": {
                  "start": {
                    "row": 26,
                    "column": 0
                  },
                  "end": {
                    "row": 26,
                    "column": 1
                  },
                  "start_byte": 603,
                  "end_byte": 604
                },
                "children": []
              }
            ]
          }
        ]
      },
      {
        "kind": "newline",
        "field": null,
        "range": {
          "start": {
            "row": 26,
            "column": 1
          },
          "end": {
            "row": 27,
            "column": 0
          },
          "start_byte": 604,
          "end_byte": 605
        },
        "children": []
      },
      {
        "kind": "newline",
        "field": null,
        "range": {
          "start": {
            "row": 27,
            "column": 0
          },
          "end": {
            "row": 28,
            "column": 0
          },
          "start_byte": 605,
          "end_byte": 606
        },
        "children": []
      },
      {
        "kind": "line",
        "field": null,
        "range": {
          "start": {
            "row": 28,
            "column": 0
          },
          "end": {
            "row": 31,
            "column": 1
          },
          "start_byte": 606,
          "end_byte": 672
        },
        "children": [
          {
            "kind": "entity_block",
            "field": null,
            "range": {
              "start": {
                "row": 28,
                "column": 0
              },
              "end": {
                "row": 31,
                "column": 1
              },
              "start_byte": 606,
              "end_byte": 672
            },
            "children": [
              {
                "kind": "@",
                "field": null,
                "range": {
                  "start": {
                    "row": 28,
                    "column": 0
                  },
                  "end": {
                    "row": 28,
                    "column": 1
                  },
                  "start_byte": 606,
                  "end_byte": 607
                },
                "children": []
              },
              {
                "kind": "newline",
                "field": null,
                "range": {
                  "start": {
                    "row": 28,
                    "column": 7
                  },
                  "end": {
                    "row": 29,
                    "column": 0
                  },
                  "start_byte": 613,
                  "end_byte": 614
                },
                "children": []
              },
              {
                "kind": "}",
                "field": null,
                "range": {
                  "start": {
                    "row": 31,
                    "column": 0
                  },
                  "end": {
                    "row": 31,
                    "column": 1
                  },
                  "start_byte": 671,
                  "end_byte": 672
                },
                "children": []
              }
            ]
          }
        ]
      }
    ]
  }
}
