---
source: premise-core/tests/ast_snapshots.rs
expression: value
---
{
  "diagnostics": [
    {
      "severity": "Error",
      "message": "ERROR node encountered"
    }
  ],
  "ast": {
    "kind": "source_file",
    "field": null,
    "range": {
      "start": {
        "row": 0,
        "column": 0
      },
      "end": {
        "row": 8,
        "column": 25
      },
      "start_byte": 0,
      "end_byte": 225
    },
    "children": [
      {
        "kind": "line_comment",
        "field": null,
        "range": {
          "start": {
            "row": 0,
            "column": 0
          },
          "end": {
            "row": 0,
            "column": 28
          },
          "start_byte": 0,
          "end_byte": 28
        },
        "children": []
      },
      {
        "kind": "newline",
        "field": null,
        "range": {
          "start": {
            "row": 0,
            "column": 28
          },
          "end": {
            "row": 1,
            "column": 0
          },
          "start_byte": 28,
          "end_byte": 29
        },
        "children": []
      },
      {
        "kind": "line",
        "field": null,
        "range": {
          "start": {
            "row": 1,
            "column": 0
          },
          "end": {
            "row": 1,
            "column": 30
          },
          "start_byte": 29,
          "end_byte": 59
        },
        "children": [
          {
            "kind": "import_statement",
            "field": null,
            "range": {
              "start": {
                "row": 1,
                "column": 0
              },
              "end": {
                "row": 1,
                "column": 30
              },
              "start_byte": 29,
              "end_byte": 59
            },
            "children": [
              {
                "kind": "@import",
                "field": null,
                "range": {
                  "start": {
                    "row": 1,
                    "column": 0
                  },
                  "end": {
                    "row": 1,
                    "column": 7
                  },
                  "start_byte": 29,
                  "end_byte": 36
                },
                "children": []
              },
              {
                "kind": "\"",
                "field": null,
                "range": {
                  "start": {
                    "row": 1,
                    "column": 8
                  },
                  "end": {
                    "row": 1,
                    "column": 9
                  },
                  "start_byte": 37,
                  "end_byte": 38
                },
                "children": []
              },
              {
                "kind": "\"",
                "field": null,
                "range": {
                  "start": {
                    "row": 1,
                    "column": 29
                  },
                  "end": {
                    "row": 1,
                    "column": 30
                  },
                  "start_byte": 58,
                  "end_byte": 59
                },
                "children": []
              }
            ]
          }
        ]
      },
      {
        "kind": "line_comment",
        "field": null,
        "range": {
          "start": {
            "row": 1,
            "column": 30
          },
          "end": {
            "row": 1,
            "column": 52
          },
          "start_byte": 59,
          "end_byte": 81
        },
        "children": []
      },
      {
        "kind": "newline",
        "field": null,
        "range": {
          "start": {
            "row": 1,
            "column": 52
          },
          "end": {
            "row": 2,
            "column": 0
          },
          "start_byte": 81,
          "end_byte": 82
        },
        "children": []
      },
      {
        "kind": "line",
        "field": null,
        "range": {
          "start": {
            "row": 2,
            "column": 0
          },
          "end": {
            "row": 4,
            "column": 29
          },
          "start_byte": 82,
          "end_byte": 154
        },
        "children": [
          {
            "kind": "adapter_statement",
            "field": null,
            "range": {
              "start": {
                "row": 2,
                "column": 0
              },
              "end": {
                "row": 4,
                "column": 29
              },
              "start_byte": 82,
              "end_byte": 154
            },
            "children": [
              {
                "kind": "\"",
                "field": null,
                "range": {
                  "start": {
                    "row": 2,
                    "column": 9
                  },
                  "end": {
                    "row": 2,
                    "column": 10
                  },
                  "start_byte": 91,
                  "end_byte": 92
                },
                "children": []
              },
              {
                "kind": "adapter_path",
                "field": "adapter_path",
                "range": {
                  "start": {
                    "row": 2,
                    "column": 10
                  },
                  "end": {
                    "row": 2,
                    "column": 29
                  },
                  "start_byte": 92,
                  "end_byte": 111
                },
                "children": []
              },
              {
                "kind": "\"",
                "field": null,
                "range": {
                  "start": {
                    "row": 2,
                    "column": 29
                  },
                  "end": {
                    "row": 2,
                    "column": 30
                  },
                  "start_byte": 111,
                  "end_byte": 112
                },
                "children": []
              },
              {
                "kind": "ERROR",
                "field": null,
                "range": {
                  "start": {
                    "row": 2,
                    "column": 31
                  },
                  "end": {
                    "row": 4,
                    "column": 15
                  },
                  "start_byte": 113,
                  "end_byte": 140
                },
                "children": [
                  {
                    "kind": "=",
                    "field": null,
                    "range": {
                      "start": {
                        "row": 2,
                        "column": 37
                      },
                      "end": {
                        "row": 2,
                        "column": 38
                      },
                      "start_byte": 119,
                      "end_byte": 120
                    },
                    "children": []
                  },
                  {
                    "kind": "+",
                    "field": null,
                    "range": {
                      "start": {
                        "row": 4,
                        "column": 0
                      },
                      "end": {
                        "row": 4,
                        "column": 1
                      },
                      "start_byte": 125,
                      "end_byte": 126
                    },
                    "children": []
                  }
                ]
              },
              {
                "kind": ":",
                "field": null,
                "range": {
                  "start": {
                    "row": 4,
                    "column": 15
                  },
                  "end": {
                    "row": 4,
                    "column": 16
                  },
                  "start_byte": 140,
                  "end_byte": 141
                },
                "children": []
              },
              {
                "kind": "prop_value",
                "field": "adapter_spec",
                "range": {
                  "start": {
                    "row": 4,
                    "column": 17
                  },
                  "end": {
                    "row": 4,
                    "column": 29
                  },
                  "start_byte": 142,
                  "end_byte": 154
                },
                "children": [
                  {
                    "kind": "simple_value",
                    "field": null,
                    "range": {
                      "start": {
                        "row": 4,
                        "column": 17
                      },
                      "end": {
                        "row": 4,
                        "column": 29
                      },
                      "start_byte": 142,
                      "end_byte": 154
                    },
                    "children": []
                  }
                ]
              }
            ]
          }
        ]
      },
      {
        "kind": "newline",
        "field": null,
        "range": {
          "start": {
            "row": 4,
            "column": 29
          },
          "end": {
            "row": 5,
            "column": 0
          },
          "start_byte": 154,
          "end_byte": 155
        },
        "children": []
      },
      {
        "kind": "line",
        "field": null,
        "range": {
          "start": {
            "row": 5,
            "column": 0
          },
          "end": {
            "row": 5,
            "column": 19
          },
          "start_byte": 155,
          "end_byte": 174
        },
        "children": [
          {
            "kind": "metadata_line",
            "field": null,
            "range": {
              "start": {
                "row": 5,
                "column": 0
              },
              "end": {
                "row": 5,
                "column": 19
              },
              "start_byte": 155,
              "end_byte": 174
            },
            "children": [
              {
                "kind": "+",
                "field": null,
                "range": {
                  "start": {
                    "row": 5,
                    "column": 0
                  },
                  "end": {
                    "row": 5,
                    "column": 1
                  },
                  "start_byte": 155,
                  "end_byte": 156
                },
                "children": []
              },
              {
                "kind": ":",
                "field": null,
                "range": {
                  "start": {
                    "row": 5,
                    "column": 14
                  },
                  "end": {
                    "row": 5,
                    "column": 15
                  },
                  "start_byte": 169,
                  "end_byte": 170
                },
                "children": []
              }
            ]
          }
        ]
      },
      {
        "kind": "newline",
        "field": null,
        "range": {
          "start": {
            "row": 5,
            "column": 19
          },
          "end": {
            "row": 6,
            "column": 0
          },
          "start_byte": 174,
          "end_byte": 175
        },
        "children": []
      },
      {
        "kind": "newline",
        "field": null,
        "range": {
          "start": {
            "row": 6,
            "column": 0
          },
          "end": {
            "row": 7,
            "column": 0
          },
          "start_byte": 175,
          "end_byte": 176
        },
        "children": []
      },
      {
        "kind": "line_comment",
        "field": null,
        "range": {
          "start": {
            "row": 7,
            "column": 0
          },
          "end": {
            "row": 7,
            "column": 23
          },
          "start_byte": 176,
          "end_byte": 199
        },
        "children": []
      },
      {
        "kind": "newline",
        "field": null,
        "range": {
          "start": {
            "row": 7,
            "column": 23
          },
          "end": {
            "row": 8,
            "column": 0
          },
          "start_byte": 199,
          "end_byte": 200
        },
        "children": []
      },
      {
        "kind": "line",
        "field": null,
        "range": {
          "start": {
            "row": 8,
            "column": 0
          },
          "end": {
            "row": 8,
            "column": 25
          },
          "start_byte": 200,
          "end_byte": 225
        },
        "children": [
          {
            "kind": "metadata_line",
            "field": null,
            "range": {
              "start": {
                "row": 8,
                "column": 0
              },
              "end": {
                "row": 8,
                "column": 25
              },
              "start_byte": 200,
              "end_byte": 225
            },
            "children": [
              {
                "kind": "+",
                "field": null,
                "range": {
                  "start": {
                    "row": 8,
                    "column": 0
                  },
                  "end": {
                    "row": 8,
                    "column": 1
                  },
                  "start_byte": 200,
                  "end_byte": 201
                },
                "children": []
              },
              {
                "kind": ":",
                "field": null,
                "range": {
                  "start": {
                    "row": 8,
                    "column": 13
                  },
                  "end": {
                    "row": 8,
                    "column": 14
                  },
                  "start_byte": 213,
                  "end_byte": 214
                },
                "children": []
              }
            ]
          }
        ]
      }
    ]
  }
}
