---
source: premise-core/tests/ast_snapshots.rs
expression: value
---
{
  "diagnostics": [
    {
      "severity": "Error",
      "message": "ERROR node encountered"
    },
    {
      "severity": "Error",
      "message": "ERROR node encountered"
    },
    {
      "severity": "Error",
      "message": "ERROR node encountered"
    }
  ],
  "ast": {
    "kind": "source_file",
    "field": null,
    "range": {
      "start": {
        "row": 0,
        "column": 0
      },
      "end": {
        "row": 29,
        "column": 0
      },
      "start_byte": 0,
      "end_byte": 780
    },
    "children": [
      {
        "kind": "line_comment",
        "field": null,
        "range": {
          "start": {
            "row": 0,
            "column": 0
          },
          "end": {
            "row": 0,
            "column": 34
          },
          "start_byte": 0,
          "end_byte": 34
        },
        "children": []
      },
      {
        "kind": "newline",
        "field": null,
        "range": {
          "start": {
            "row": 0,
            "column": 34
          },
          "end": {
            "row": 1,
            "column": 0
          },
          "start_byte": 34,
          "end_byte": 35
        },
        "children": []
      },
      {
        "kind": "newline",
        "field": null,
        "range": {
          "start": {
            "row": 1,
            "column": 0
          },
          "end": {
            "row": 2,
            "column": 0
          },
          "start_byte": 35,
          "end_byte": 36
        },
        "children": []
      },
      {
        "kind": "line_comment",
        "field": null,
        "range": {
          "start": {
            "row": 2,
            "column": 0
          },
          "end": {
            "row": 2,
            "column": 37
          },
          "start_byte": 36,
          "end_byte": 73
        },
        "children": []
      },
      {
        "kind": "newline",
        "field": null,
        "range": {
          "start": {
            "row": 2,
            "column": 37
          },
          "end": {
            "row": 3,
            "column": 0
          },
          "start_byte": 73,
          "end_byte": 74
        },
        "children": []
      },
      {
        "kind": "line",
        "field": null,
        "range": {
          "start": {
            "row": 3,
            "column": 0
          },
          "end": {
            "row": 3,
            "column": 59
          },
          "start_byte": 74,
          "end_byte": 133
        },
        "children": [
          {
            "kind": "adapter_statement",
            "field": null,
            "range": {
              "start": {
                "row": 3,
                "column": 0
              },
              "end": {
                "row": 3,
                "column": 59
              },
              "start_byte": 74,
              "end_byte": 133
            },
            "children": [
              {
                "kind": "\"",
                "field": null,
                "range": {
                  "start": {
                    "row": 3,
                    "column": 9
                  },
                  "end": {
                    "row": 3,
                    "column": 10
                  },
                  "start_byte": 83,
                  "end_byte": 84
                },
                "children": []
              },
              {
                "kind": "adapter_path",
                "field": "adapter_path",
                "range": {
                  "start": {
                    "row": 3,
                    "column": 10
                  },
                  "end": {
                    "row": 3,
                    "column": 40
                  },
                  "start_byte": 84,
                  "end_byte": 114
                },
                "children": []
              },
              {
                "kind": "\"",
                "field": null,
                "range": {
                  "start": {
                    "row": 3,
                    "column": 40
                  },
                  "end": {
                    "row": 3,
                    "column": 41
                  },
                  "start_byte": 114,
                  "end_byte": 115
                },
                "children": []
              },
              {
                "kind": ":",
                "field": null,
                "range": {
                  "start": {
                    "row": 3,
                    "column": 41
                  },
                  "end": {
                    "row": 3,
                    "column": 42
                  },
                  "start_byte": 115,
                  "end_byte": 116
                },
                "children": []
              },
              {
                "kind": "prop_value",
                "field": "adapter_spec",
                "range": {
                  "start": {
                    "row": 3,
                    "column": 43
                  },
                  "end": {
                    "row": 3,
                    "column": 59
                  },
                  "start_byte": 117,
                  "end_byte": 133
                },
                "children": [
                  {
                    "kind": "simple_value",
                    "field": null,
                    "range": {
                      "start": {
                        "row": 3,
                        "column": 43
                      },
                      "end": {
                        "row": 3,
                        "column": 59
                      },
                      "start_byte": 117,
                      "end_byte": 133
                    },
                    "children": []
                  }
                ]
              }
            ]
          }
        ]
      },
      {
        "kind": "newline",
        "field": null,
        "range": {
          "start": {
            "row": 3,
            "column": 59
          },
          "end": {
            "row": 4,
            "column": 0
          },
          "start_byte": 133,
          "end_byte": 134
        },
        "children": []
      },
      {
        "kind": "newline",
        "field": null,
        "range": {
          "start": {
            "row": 4,
            "column": 0
          },
          "end": {
            "row": 5,
            "column": 0
          },
          "start_byte": 134,
          "end_byte": 135
        },
        "children": []
      },
      {
        "kind": "line_comment",
        "field": null,
        "range": {
          "start": {
            "row": 5,
            "column": 0
          },
          "end": {
            "row": 5,
            "column": 36
          },
          "start_byte": 135,
          "end_byte": 171
        },
        "children": []
      },
      {
        "kind": "newline",
        "field": null,
        "range": {
          "start": {
            "row": 5,
            "column": 36
          },
          "end": {
            "row": 6,
            "column": 0
          },
          "start_byte": 171,
          "end_byte": 172
        },
        "children": []
      },
      {
        "kind": "line",
        "field": null,
        "range": {
          "start": {
            "row": 6,
            "column": 0
          },
          "end": {
            "row": 10,
            "column": 12
          },
          "start_byte": 172,
          "end_byte": 334
        },
        "children": [
          {
            "kind": "adapter_statement",
            "field": null,
            "range": {
              "start": {
                "row": 6,
                "column": 0
              },
              "end": {
                "row": 10,
                "column": 12
              },
              "start_byte": 172,
              "end_byte": 334
            },
            "children": [
              {
                "kind": "\"",
                "field": null,
                "range": {
                  "start": {
                    "row": 6,
                    "column": 9
                  },
                  "end": {
                    "row": 6,
                    "column": 10
                  },
                  "start_byte": 181,
                  "end_byte": 182
                },
                "children": []
              },
              {
                "kind": "adapter_path",
                "field": "adapter_path",
                "range": {
                  "start": {
                    "row": 6,
                    "column": 10
                  },
                  "end": {
                    "row": 6,
                    "column": 39
                  },
                  "start_byte": 182,
                  "end_byte": 211
                },
                "children": []
              },
              {
                "kind": "\"",
                "field": null,
                "range": {
                  "start": {
                    "row": 6,
                    "column": 39
                  },
                  "end": {
                    "row": 6,
                    "column": 40
                  },
                  "start_byte": 211,
                  "end_byte": 212
                },
                "children": []
              },
              {
                "kind": "ERROR",
                "field": null,
                "range": {
                  "start": {
                    "row": 6,
                    "column": 40
                  },
                  "end": {
                    "row": 10,
                    "column": 6
                  },
                  "start_byte": 212,
                  "end_byte": 328
                },
                "children": [
                  {
                    "kind": ":",
                    "field": null,
                    "range": {
                      "start": {
                        "row": 6,
                        "column": 40
                      },
                      "end": {
                        "row": 6,
                        "column": 41
                      },
                      "start_byte": 212,
                      "end_byte": 213
                    },
                    "children": []
                  },
                  {
                    "kind": "{",
                    "field": null,
                    "range": {
                      "start": {
                        "row": 6,
                        "column": 42
                      },
                      "end": {
                        "row": 6,
                        "column": 43
                      },
                      "start_byte": 214,
                      "end_byte": 215
                    },
                    "children": []
                  },
                  {
                    "kind": "object_property",
                    "field": null,
                    "range": {
                      "start": {
                        "row": 6,
                        "column": 43
                      },
                      "end": {
                        "row": 6,
                        "column": 70
                      },
                      "start_byte": 215,
                      "end_byte": 242
                    },
                    "children": [
                      {
                        "kind": "prop_key",
                        "field": "prop_key",
                        "range": {
                          "start": {
                            "row": 6,
                            "column": 44
                          },
                          "end": {
                            "row": 6,
                            "column": 50
                          },
                          "start_byte": 216,
                          "end_byte": 222
                        },
                        "children": []
                      },
                      {
                        "kind": ":",
                        "field": null,
                        "range": {
                          "start": {
                            "row": 6,
                            "column": 50
                          },
                          "end": {
                            "row": 6,
                            "column": 51
                          },
                          "start_byte": 222,
                          "end_byte": 223
                        },
                        "children": []
                      },
                      {
                        "kind": "prop_value",
                        "field": "prop_value",
                        "range": {
                          "start": {
                            "row": 6,
                            "column": 52
                          },
                          "end": {
                            "row": 6,
                            "column": 70
                          },
                          "start_byte": 224,
                          "end_byte": 242
                        },
                        "children": [
                          {
                            "kind": "simple_value",
                            "field": null,
                            "range": {
                              "start": {
                                "row": 6,
                                "column": 52
                              },
                              "end": {
                                "row": 6,
                                "column": 70
                              },
                              "start_byte": 224,
                              "end_byte": 242
                            },
                            "children": []
                          }
                        ]
                      }
                    ]
                  },
                  {
                    "kind": "}",
                    "field": null,
                    "range": {
                      "start": {
                        "row": 6,
                        "column": 70
                      },
                      "end": {
                        "row": 6,
                        "column": 71
                      },
                      "start_byte": 242,
                      "end_byte": 243
                    },
                    "children": []
                  },
                  {
                    "kind": "line_comment",
                    "field": null,
                    "range": {
                      "start": {
                        "row": 8,
                        "column": 0
                      },
                      "end": {
                        "row": 8,
                        "column": 50
                      },
                      "start_byte": 245,
                      "end_byte": 295
                    },
                    "children": []
                  },
                  {
                    "kind": ":",
                    "field": null,
                    "range": {
                      "start": {
                        "row": 9,
                        "column": 22
                      },
                      "end": {
                        "row": 9,
                        "column": 23
                      },
                      "start_byte": 318,
                      "end_byte": 319
                    },
                    "children": []
                  },
                  {
                    "kind": "{",
                    "field": null,
                    "range": {
                      "start": {
                        "row": 9,
                        "column": 23
                      },
                      "end": {
                        "row": 9,
                        "column": 25
                      },
                      "start_byte": 319,
                      "end_byte": 321
                    },
                    "children": []
                  }
                ]
              },
              {
                "kind": ":",
                "field": null,
                "range": {
                  "start": {
                    "row": 10,
                    "column": 6
                  },
                  "end": {
                    "row": 10,
                    "column": 7
                  },
                  "start_byte": 328,
                  "end_byte": 329
                },
                "children": []
              },
              {
                "kind": "prop_value",
                "field": "adapter_spec",
                "range": {
                  "start": {
                    "row": 10,
                    "column": 8
                  },
                  "end": {
                    "row": 10,
                    "column": 12
                  },
                  "start_byte": 330,
                  "end_byte": 334
                },
                "children": [
                  {
                    "kind": "simple_value",
                    "field": null,
                    "range": {
                      "start": {
                        "row": 10,
                        "column": 8
                      },
                      "end": {
                        "row": 10,
                        "column": 12
                      },
                      "start_byte": 330,
                      "end_byte": 334
                    },
                    "children": []
                  }
                ]
              }
            ]
          }
        ]
      },
      {
        "kind": "newline",
        "field": null,
        "range": {
          "start": {
            "row": 10,
            "column": 12
          },
          "end": {
            "row": 11,
            "column": 0
          },
          "start_byte": 334,
          "end_byte": 335
        },
        "children": []
      },
      {
        "kind": "line",
        "field": null,
        "range": {
          "start": {
            "row": 11,
            "column": 0
          },
          "end": {
            "row": 11,
            "column": 26
          },
          "start_byte": 335,
          "end_byte": 361
        },
        "children": [
          {
            "kind": "prose_line",
            "field": null,
            "range": {
              "start": {
                "row": 11,
                "column": 0
              },
              "end": {
                "row": 11,
                "column": 26
              },
              "start_byte": 335,
              "end_byte": 361
            },
            "children": [
              {
                "kind": "prose_text",
                "field": null,
                "range": {
                  "start": {
                    "row": 11,
                    "column": 0
                  },
                  "end": {
                    "row": 11,
                    "column": 26
                  },
                  "start_byte": 335,
                  "end_byte": 361
                },
                "children": []
              }
            ]
          }
        ]
      },
      {
        "kind": "newline",
        "field": null,
        "range": {
          "start": {
            "row": 11,
            "column": 26
          },
          "end": {
            "row": 12,
            "column": 0
          },
          "start_byte": 361,
          "end_byte": 362
        },
        "children": []
      },
      {
        "kind": "line",
        "field": null,
        "range": {
          "start": {
            "row": 12,
            "column": 0
          },
          "end": {
            "row": 12,
            "column": 16
          },
          "start_byte": 362,
          "end_byte": 378
        },
        "children": [
          {
            "kind": "prose_line",
            "field": null,
            "range": {
              "start": {
                "row": 12,
                "column": 0
              },
              "end": {
                "row": 12,
                "column": 16
              },
              "start_byte": 362,
              "end_byte": 378
            },
            "children": [
              {
                "kind": "prose_text",
                "field": null,
                "range": {
                  "start": {
                    "row": 12,
                    "column": 0
                  },
                  "end": {
                    "row": 12,
                    "column": 16
                  },
                  "start_byte": 362,
                  "end_byte": 378
                },
                "children": []
              }
            ]
          }
        ]
      },
      {
        "kind": "newline",
        "field": null,
        "range": {
          "start": {
            "row": 12,
            "column": 16
          },
          "end": {
            "row": 13,
            "column": 0
          },
          "start_byte": 378,
          "end_byte": 379
        },
        "children": []
      },
      {
        "kind": "line",
        "field": null,
        "range": {
          "start": {
            "row": 13,
            "column": 0
          },
          "end": {
            "row": 13,
            "column": 48
          },
          "start_byte": 379,
          "end_byte": 427
        },
        "children": [
          {
            "kind": "prose_line",
            "field": null,
            "range": {
              "start": {
                "row": 13,
                "column": 0
              },
              "end": {
                "row": 13,
                "column": 48
              },
              "start_byte": 379,
              "end_byte": 427
            },
            "children": [
              {
                "kind": "prose_text",
                "field": null,
                "range": {
                  "start": {
                    "row": 13,
                    "column": 0
                  },
                  "end": {
                    "row": 13,
                    "column": 48
                  },
                  "start_byte": 379,
                  "end_byte": 427
                },
                "children": []
              }
            ]
          }
        ]
      },
      {
        "kind": "newline",
        "field": null,
        "range": {
          "start": {
            "row": 13,
            "column": 48
          },
          "end": {
            "row": 14,
            "column": 0
          },
          "start_byte": 427,
          "end_byte": 428
        },
        "children": []
      },
      {
        "kind": "line",
        "field": null,
        "range": {
          "start": {
            "row": 14,
            "column": 0
          },
          "end": {
            "row": 14,
            "column": 36
          },
          "start_byte": 428,
          "end_byte": 464
        },
        "children": [
          {
            "kind": "prose_line",
            "field": null,
            "range": {
              "start": {
                "row": 14,
                "column": 0
              },
              "end": {
                "row": 14,
                "column": 36
              },
              "start_byte": 428,
              "end_byte": 464
            },
            "children": [
              {
                "kind": "prose_text",
                "field": null,
                "range": {
                  "start": {
                    "row": 14,
                    "column": 0
                  },
                  "end": {
                    "row": 14,
                    "column": 36
                  },
                  "start_byte": 428,
                  "end_byte": 464
                },
                "children": []
              }
            ]
          }
        ]
      },
      {
        "kind": "newline",
        "field": null,
        "range": {
          "start": {
            "row": 14,
            "column": 36
          },
          "end": {
            "row": 15,
            "column": 0
          },
          "start_byte": 464,
          "end_byte": 465
        },
        "children": []
      },
      {
        "kind": "ERROR",
        "field": null,
        "range": {
          "start": {
            "row": 15,
            "column": 0
          },
          "end": {
            "row": 18,
            "column": 10
          },
          "start_byte": 465,
          "end_byte": 538
        },
        "children": [
          {
            "kind": "}",
            "field": null,
            "range": {
              "start": {
                "row": 15,
                "column": 0
              },
              "end": {
                "row": 15,
                "column": 1
              },
              "start_byte": 465,
              "end_byte": 466
            },
            "children": []
          },
          {
            "kind": "line_comment",
            "field": null,
            "range": {
              "start": {
                "row": 17,
                "column": 0
              },
              "end": {
                "row": 17,
                "column": 59
              },
              "start_byte": 468,
              "end_byte": 527
            },
            "children": []
          }
        ]
      },
      {
        "kind": "line",
        "field": null,
        "range": {
          "start": {
            "row": 18,
            "column": 10
          },
          "end": {
            "row": 26,
            "column": 0
          },
          "start_byte": 538,
          "end_byte": 776
        },
        "children": [
          {
            "kind": "prose_line",
            "field": null,
            "range": {
              "start": {
                "row": 18,
                "column": 10
              },
              "end": {
                "row": 26,
                "column": 0
              },
              "start_byte": 538,
              "end_byte": 776
            },
            "children": [
              {
                "kind": "dialogue_speaker",
                "field": null,
                "range": {
                  "start": {
                    "row": 18,
                    "column": 10
                  },
                  "end": {
                    "row": 26,
                    "column": 0
                  },
                  "start_byte": 538,
                  "end_byte": 776
                },
                "children": [
                  {
                    "kind": "ref_open",
                    "field": null,
                    "range": {
                      "start": {
                        "row": 18,
                        "column": 10
                      },
                      "end": {
                        "row": 18,
                        "column": 11
                      },
                      "start_byte": 538,
                      "end_byte": 539
                    },
                    "children": []
                  },
                  {
                    "kind": "ref_close",
                    "field": null,
                    "range": {
                      "start": {
                        "row": 25,
                        "column": 2
                      },
                      "end": {
                        "row": 25,
                        "column": 3
                      },
                      "start_byte": 774,
                      "end_byte": 775
                    },
                    "children": []
                  }
                ]
              }
            ]
          }
        ]
      },
      {
        "kind": "ERROR",
        "field": null,
        "range": {
          "start": {
            "row": 26,
            "column": 0
          },
          "end": {
            "row": 29,
            "column": 0
          },
          "start_byte": 776,
          "end_byte": 780
        },
        "children": [
          {
            "kind": "}",
            "field": null,
            "range": {
              "start": {
                "row": 26,
                "column": 0
              },
              "end": {
                "row": 26,
                "column": 1
              },
              "start_byte": 776,
              "end_byte": 777
            },
            "children": []
          }
        ]
      }
    ]
  }
}
