---
source: premise-core/tests/ast_snapshots.rs
expression: value
---
{
  "diagnostics": [
    {
      "severity": "Error",
      "message": "ERROR node encountered"
    },
    {
      "severity": "Error",
      "message": "ERROR node encountered"
    },
    {
      "severity": "Error",
      "message": "ERROR node encountered"
    }
  ],
  "ast": {
    "kind": "source_file",
    "field": null,
    "range": {
      "start": {
        "row": 0,
        "column": 0
      },
      "end": {
        "row": 29,
        "column": 0
      },
      "start_byte": 0,
      "end_byte": 775
    },
    "children": [
      {
        "kind": "line_comment",
        "field": null,
        "range": {
          "start": {
            "row": 0,
            "column": 0
          },
          "end": {
            "row": 0,
            "column": 33
          },
          "start_byte": 0,
          "end_byte": 33
        },
        "children": []
      },
      {
        "kind": "newline",
        "field": null,
        "range": {
          "start": {
            "row": 0,
            "column": 33
          },
          "end": {
            "row": 1,
            "column": 0
          },
          "start_byte": 33,
          "end_byte": 34
        },
        "children": []
      },
      {
        "kind": "newline",
        "field": null,
        "range": {
          "start": {
            "row": 1,
            "column": 0
          },
          "end": {
            "row": 2,
            "column": 0
          },
          "start_byte": 34,
          "end_byte": 35
        },
        "children": []
      },
      {
        "kind": "line_comment",
        "field": null,
        "range": {
          "start": {
            "row": 2,
            "column": 0
          },
          "end": {
            "row": 2,
            "column": 36
          },
          "start_byte": 35,
          "end_byte": 71
        },
        "children": []
      },
      {
        "kind": "newline",
        "field": null,
        "range": {
          "start": {
            "row": 2,
            "column": 36
          },
          "end": {
            "row": 3,
            "column": 0
          },
          "start_byte": 71,
          "end_byte": 72
        },
        "children": []
      },
      {
        "kind": "line",
        "field": null,
        "range": {
          "start": {
            "row": 3,
            "column": 0
          },
          "end": {
            "row": 3,
            "column": 59
          },
          "start_byte": 72,
          "end_byte": 131
        },
        "children": [
          {
            "kind": "adapter_statement",
            "field": null,
            "range": {
              "start": {
                "row": 3,
                "column": 0
              },
              "end": {
                "row": 3,
                "column": 59
              },
              "start_byte": 72,
              "end_byte": 131
            },
            "children": [
              {
                "kind": "\"",
                "field": null,
                "range": {
                  "start": {
                    "row": 3,
                    "column": 9
                  },
                  "end": {
                    "row": 3,
                    "column": 10
                  },
                  "start_byte": 81,
                  "end_byte": 82
                },
                "children": []
              },
              {
                "kind": "adapter_path",
                "field": "adapter_path",
                "range": {
                  "start": {
                    "row": 3,
                    "column": 10
                  },
                  "end": {
                    "row": 3,
                    "column": 40
                  },
                  "start_byte": 82,
                  "end_byte": 112
                },
                "children": []
              },
              {
                "kind": "\"",
                "field": null,
                "range": {
                  "start": {
                    "row": 3,
                    "column": 40
                  },
                  "end": {
                    "row": 3,
                    "column": 41
                  },
                  "start_byte": 112,
                  "end_byte": 113
                },
                "children": []
              },
              {
                "kind": ":",
                "field": null,
                "range": {
                  "start": {
                    "row": 3,
                    "column": 41
                  },
                  "end": {
                    "row": 3,
                    "column": 42
                  },
                  "start_byte": 113,
                  "end_byte": 114
                },
                "children": []
              },
              {
                "kind": "prop_value",
                "field": "adapter_spec",
                "range": {
                  "start": {
                    "row": 3,
                    "column": 43
                  },
                  "end": {
                    "row": 3,
                    "column": 59
                  },
                  "start_byte": 115,
                  "end_byte": 131
                },
                "children": [
                  {
                    "kind": "simple_value",
                    "field": null,
                    "range": {
                      "start": {
                        "row": 3,
                        "column": 43
                      },
                      "end": {
                        "row": 3,
                        "column": 59
                      },
                      "start_byte": 115,
                      "end_byte": 131
                    },
                    "children": []
                  }
                ]
              }
            ]
          }
        ]
      },
      {
        "kind": "newline",
        "field": null,
        "range": {
          "start": {
            "row": 3,
            "column": 59
          },
          "end": {
            "row": 4,
            "column": 0
          },
          "start_byte": 131,
          "end_byte": 132
        },
        "children": []
      },
      {
        "kind": "newline",
        "field": null,
        "range": {
          "start": {
            "row": 4,
            "column": 0
          },
          "end": {
            "row": 5,
            "column": 0
          },
          "start_byte": 132,
          "end_byte": 133
        },
        "children": []
      },
      {
        "kind": "line_comment",
        "field": null,
        "range": {
          "start": {
            "row": 5,
            "column": 0
          },
          "end": {
            "row": 5,
            "column": 35
          },
          "start_byte": 133,
          "end_byte": 168
        },
        "children": []
      },
      {
        "kind": "newline",
        "field": null,
        "range": {
          "start": {
            "row": 5,
            "column": 35
          },
          "end": {
            "row": 6,
            "column": 0
          },
          "start_byte": 168,
          "end_byte": 169
        },
        "children": []
      },
      {
        "kind": "line",
        "field": null,
        "range": {
          "start": {
            "row": 6,
            "column": 0
          },
          "end": {
            "row": 10,
            "column": 12
          },
          "start_byte": 169,
          "end_byte": 330
        },
        "children": [
          {
            "kind": "adapter_statement",
            "field": null,
            "range": {
              "start": {
                "row": 6,
                "column": 0
              },
              "end": {
                "row": 10,
                "column": 12
              },
              "start_byte": 169,
              "end_byte": 330
            },
            "children": [
              {
                "kind": "\"",
                "field": null,
                "range": {
                  "start": {
                    "row": 6,
                    "column": 9
                  },
                  "end": {
                    "row": 6,
                    "column": 10
                  },
                  "start_byte": 178,
                  "end_byte": 179
                },
                "children": []
              },
              {
                "kind": "adapter_path",
                "field": "adapter_path",
                "range": {
                  "start": {
                    "row": 6,
                    "column": 10
                  },
                  "end": {
                    "row": 6,
                    "column": 39
                  },
                  "start_byte": 179,
                  "end_byte": 208
                },
                "children": []
              },
              {
                "kind": "\"",
                "field": null,
                "range": {
                  "start": {
                    "row": 6,
                    "column": 39
                  },
                  "end": {
                    "row": 6,
                    "column": 40
                  },
                  "start_byte": 208,
                  "end_byte": 209
                },
                "children": []
              },
              {
                "kind": "ERROR",
                "field": null,
                "range": {
                  "start": {
                    "row": 6,
                    "column": 40
                  },
                  "end": {
                    "row": 10,
                    "column": 6
                  },
                  "start_byte": 209,
                  "end_byte": 324
                },
                "children": [
                  {
                    "kind": ":",
                    "field": null,
                    "range": {
                      "start": {
                        "row": 6,
                        "column": 40
                      },
                      "end": {
                        "row": 6,
                        "column": 41
                      },
                      "start_byte": 209,
                      "end_byte": 210
                    },
                    "children": []
                  },
                  {
                    "kind": "{",
                    "field": null,
                    "range": {
                      "start": {
                        "row": 6,
                        "column": 42
                      },
                      "end": {
                        "row": 6,
                        "column": 43
                      },
                      "start_byte": 211,
                      "end_byte": 212
                    },
                    "children": []
                  },
                  {
                    "kind": "object_property",
                    "field": null,
                    "range": {
                      "start": {
                        "row": 6,
                        "column": 43
                      },
                      "end": {
                        "row": 6,
                        "column": 70
                      },
                      "start_byte": 212,
                      "end_byte": 239
                    },
                    "children": [
                      {
                        "kind": "prop_key",
                        "field": "prop_key",
                        "range": {
                          "start": {
                            "row": 6,
                            "column": 44
                          },
                          "end": {
                            "row": 6,
                            "column": 50
                          },
                          "start_byte": 213,
                          "end_byte": 219
                        },
                        "children": []
                      },
                      {
                        "kind": ":",
                        "field": null,
                        "range": {
                          "start": {
                            "row": 6,
                            "column": 50
                          },
                          "end": {
                            "row": 6,
                            "column": 51
                          },
                          "start_byte": 219,
                          "end_byte": 220
                        },
                        "children": []
                      },
                      {
                        "kind": "prop_value",
                        "field": "prop_value",
                        "range": {
                          "start": {
                            "row": 6,
                            "column": 52
                          },
                          "end": {
                            "row": 6,
                            "column": 70
                          },
                          "start_byte": 221,
                          "end_byte": 239
                        },
                        "children": [
                          {
                            "kind": "simple_value",
                            "field": null,
                            "range": {
                              "start": {
                                "row": 6,
                                "column": 52
                              },
                              "end": {
                                "row": 6,
                                "column": 70
                              },
                              "start_byte": 221,
                              "end_byte": 239
                            },
                            "children": []
                          }
                        ]
                      }
                    ]
                  },
                  {
                    "kind": "}",
                    "field": null,
                    "range": {
                      "start": {
                        "row": 6,
                        "column": 70
                      },
                      "end": {
                        "row": 6,
                        "column": 71
                      },
                      "start_byte": 239,
                      "end_byte": 240
                    },
                    "children": []
                  },
                  {
                    "kind": "line_comment",
                    "field": null,
                    "range": {
                      "start": {
                        "row": 8,
                        "column": 0
                      },
                      "end": {
                        "row": 8,
                        "column": 49
                      },
                      "start_byte": 242,
                      "end_byte": 291
                    },
                    "children": []
                  },
                  {
                    "kind": ":",
                    "field": null,
                    "range": {
                      "start": {
                        "row": 9,
                        "column": 22
                      },
                      "end": {
                        "row": 9,
                        "column": 23
                      },
                      "start_byte": 314,
                      "end_byte": 315
                    },
                    "children": []
                  },
                  {
                    "kind": "{",
                    "field": null,
                    "range": {
                      "start": {
                        "row": 9,
                        "column": 23
                      },
                      "end": {
                        "row": 9,
                        "column": 25
                      },
                      "start_byte": 315,
                      "end_byte": 317
                    },
                    "children": []
                  }
                ]
              },
              {
                "kind": ":",
                "field": null,
                "range": {
                  "start": {
                    "row": 10,
                    "column": 6
                  },
                  "end": {
                    "row": 10,
                    "column": 7
                  },
                  "start_byte": 324,
                  "end_byte": 325
                },
                "children": []
              },
              {
                "kind": "prop_value",
                "field": "adapter_spec",
                "range": {
                  "start": {
                    "row": 10,
                    "column": 8
                  },
                  "end": {
                    "row": 10,
                    "column": 12
                  },
                  "start_byte": 326,
                  "end_byte": 330
                },
                "children": [
                  {
                    "kind": "simple_value",
                    "field": null,
                    "range": {
                      "start": {
                        "row": 10,
                        "column": 8
                      },
                      "end": {
                        "row": 10,
                        "column": 12
                      },
                      "start_byte": 326,
                      "end_byte": 330
                    },
                    "children": []
                  }
                ]
              }
            ]
          }
        ]
      },
      {
        "kind": "newline",
        "field": null,
        "range": {
          "start": {
            "row": 10,
            "column": 12
          },
          "end": {
            "row": 11,
            "column": 0
          },
          "start_byte": 330,
          "end_byte": 331
        },
        "children": []
      },
      {
        "kind": "line",
        "field": null,
        "range": {
          "start": {
            "row": 11,
            "column": 0
          },
          "end": {
            "row": 11,
            "column": 26
          },
          "start_byte": 331,
          "end_byte": 357
        },
        "children": [
          {
            "kind": "prose_line",
            "field": null,
            "range": {
              "start": {
                "row": 11,
                "column": 0
              },
              "end": {
                "row": 11,
                "column": 26
              },
              "start_byte": 331,
              "end_byte": 357
            },
            "children": [
              {
                "kind": "prose_text",
                "field": null,
                "range": {
                  "start": {
                    "row": 11,
                    "column": 0
                  },
                  "end": {
                    "row": 11,
                    "column": 26
                  },
                  "start_byte": 331,
                  "end_byte": 357
                },
                "children": []
              }
            ]
          }
        ]
      },
      {
        "kind": "newline",
        "field": null,
        "range": {
          "start": {
            "row": 11,
            "column": 26
          },
          "end": {
            "row": 12,
            "column": 0
          },
          "start_byte": 357,
          "end_byte": 358
        },
        "children": []
      },
      {
        "kind": "line",
        "field": null,
        "range": {
          "start": {
            "row": 12,
            "column": 0
          },
          "end": {
            "row": 12,
            "column": 16
          },
          "start_byte": 358,
          "end_byte": 374
        },
        "children": [
          {
            "kind": "prose_line",
            "field": null,
            "range": {
              "start": {
                "row": 12,
                "column": 0
              },
              "end": {
                "row": 12,
                "column": 16
              },
              "start_byte": 358,
              "end_byte": 374
            },
            "children": [
              {
                "kind": "prose_text",
                "field": null,
                "range": {
                  "start": {
                    "row": 12,
                    "column": 0
                  },
                  "end": {
                    "row": 12,
                    "column": 16
                  },
                  "start_byte": 358,
                  "end_byte": 374
                },
                "children": []
              }
            ]
          }
        ]
      },
      {
        "kind": "newline",
        "field": null,
        "range": {
          "start": {
            "row": 12,
            "column": 16
          },
          "end": {
            "row": 13,
            "column": 0
          },
          "start_byte": 374,
          "end_byte": 375
        },
        "children": []
      },
      {
        "kind": "line",
        "field": null,
        "range": {
          "start": {
            "row": 13,
            "column": 0
          },
          "end": {
            "row": 13,
            "column": 48
          },
          "start_byte": 375,
          "end_byte": 423
        },
        "children": [
          {
            "kind": "prose_line",
            "field": null,
            "range": {
              "start": {
                "row": 13,
                "column": 0
              },
              "end": {
                "row": 13,
                "column": 48
              },
              "start_byte": 375,
              "end_byte": 423
            },
            "children": [
              {
                "kind": "prose_text",
                "field": null,
                "range": {
                  "start": {
                    "row": 13,
                    "column": 0
                  },
                  "end": {
                    "row": 13,
                    "column": 48
                  },
                  "start_byte": 375,
                  "end_byte": 423
                },
                "children": []
              }
            ]
          }
        ]
      },
      {
        "kind": "newline",
        "field": null,
        "range": {
          "start": {
            "row": 13,
            "column": 48
          },
          "end": {
            "row": 14,
            "column": 0
          },
          "start_byte": 423,
          "end_byte": 424
        },
        "children": []
      },
      {
        "kind": "line",
        "field": null,
        "range": {
          "start": {
            "row": 14,
            "column": 0
          },
          "end": {
            "row": 14,
            "column": 36
          },
          "start_byte": 424,
          "end_byte": 460
        },
        "children": [
          {
            "kind": "prose_line",
            "field": null,
            "range": {
              "start": {
                "row": 14,
                "column": 0
              },
              "end": {
                "row": 14,
                "column": 36
              },
              "start_byte": 424,
              "end_byte": 460
            },
            "children": [
              {
                "kind": "prose_text",
                "field": null,
                "range": {
                  "start": {
                    "row": 14,
                    "column": 0
                  },
                  "end": {
                    "row": 14,
                    "column": 36
                  },
                  "start_byte": 424,
                  "end_byte": 460
                },
                "children": []
              }
            ]
          }
        ]
      },
      {
        "kind": "newline",
        "field": null,
        "range": {
          "start": {
            "row": 14,
            "column": 36
          },
          "end": {
            "row": 15,
            "column": 0
          },
          "start_byte": 460,
          "end_byte": 461
        },
        "children": []
      },
      {
        "kind": "ERROR",
        "field": null,
        "range": {
          "start": {
            "row": 15,
            "column": 0
          },
          "end": {
            "row": 18,
            "column": 9
          },
          "start_byte": 461,
          "end_byte": 532
        },
        "children": [
          {
            "kind": "}",
            "field": null,
            "range": {
              "start": {
                "row": 15,
                "column": 0
              },
              "end": {
                "row": 15,
                "column": 1
              },
              "start_byte": 461,
              "end_byte": 462
            },
            "children": []
          },
          {
            "kind": "line_comment",
            "field": null,
            "range": {
              "start": {
                "row": 17,
                "column": 0
              },
              "end": {
                "row": 17,
                "column": 58
              },
              "start_byte": 464,
              "end_byte": 522
            },
            "children": []
          }
        ]
      },
      {
        "kind": "line",
        "field": null,
        "range": {
          "start": {
            "row": 18,
            "column": 9
          },
          "end": {
            "row": 25,
            "column": 3
          },
          "start_byte": 532,
          "end_byte": 770
        },
        "children": [
          {
            "kind": "prose_line",
            "field": null,
            "range": {
              "start": {
                "row": 18,
                "column": 9
              },
              "end": {
                "row": 25,
                "column": 3
              },
              "start_byte": 532,
              "end_byte": 770
            },
            "children": [
              {
                "kind": "prose_text",
                "field": null,
                "range": {
                  "start": {
                    "row": 18,
                    "column": 9
                  },
                  "end": {
                    "row": 18,
                    "column": 10
                  },
                  "start_byte": 532,
                  "end_byte": 533
                },
                "children": []
              },
              {
                "kind": "entity_reference",
                "field": null,
                "range": {
                  "start": {
                    "row": 18,
                    "column": 10
                  },
                  "end": {
                    "row": 25,
                    "column": 3
                  },
                  "start_byte": 533,
                  "end_byte": 770
                },
                "children": [
                  {
                    "kind": "ref_open",
                    "field": null,
                    "range": {
                      "start": {
                        "row": 18,
                        "column": 10
                      },
                      "end": {
                        "row": 18,
                        "column": 11
                      },
                      "start_byte": 533,
                      "end_byte": 534
                    },
                    "children": []
                  },
                  {
                    "kind": "ref_close",
                    "field": null,
                    "range": {
                      "start": {
                        "row": 25,
                        "column": 2
                      },
                      "end": {
                        "row": 25,
                        "column": 3
                      },
                      "start_byte": 769,
                      "end_byte": 770
                    },
                    "children": []
                  }
                ]
              }
            ]
          }
        ]
      },
      {
        "kind": "newline",
        "field": null,
        "range": {
          "start": {
            "row": 25,
            "column": 3
          },
          "end": {
            "row": 26,
            "column": 0
          },
          "start_byte": 770,
          "end_byte": 771
        },
        "children": []
      },
      {
        "kind": "ERROR",
        "field": null,
        "range": {
          "start": {
            "row": 26,
            "column": 0
          },
          "end": {
            "row": 29,
            "column": 0
          },
          "start_byte": 771,
          "end_byte": 775
        },
        "children": [
          {
            "kind": "}",
            "field": null,
            "range": {
              "start": {
                "row": 26,
                "column": 0
              },
              "end": {
                "row": 26,
                "column": 1
              },
              "start_byte": 771,
              "end_byte": 772
            },
            "children": []
          }
        ]
      }
    ]
  }
}
