---
source: premise-core/tests/ast_snapshots.rs
expression: value
---
{
  "diagnostics": [],
  "ast": {
    "kind": "source_file",
    "field": null,
    "range": {
      "start": {
        "row": 0,
        "column": 0
      },
      "end": {
        "row": 19,
        "column": 0
      },
      "start_byte": 0,
      "end_byte": 434
    },
    "children": [
      {
        "kind": "line_comment",
        "field": null,
        "range": {
          "start": {
            "row": 0,
            "column": 0
          },
          "end": {
            "row": 0,
            "column": 32
          },
          "start_byte": 0,
          "end_byte": 32
        },
        "children": []
      },
      {
        "kind": "newline",
        "field": null,
        "range": {
          "start": {
            "row": 0,
            "column": 32
          },
          "end": {
            "row": 1,
            "column": 0
          },
          "start_byte": 32,
          "end_byte": 33
        },
        "children": []
      },
      {
        "kind": "line",
        "field": null,
        "range": {
          "start": {
            "row": 1,
            "column": 0
          },
          "end": {
            "row": 1,
            "column": 17
          },
          "start_byte": 33,
          "end_byte": 50
        },
        "children": [
          {
            "kind": "prose_line",
            "field": null,
            "range": {
              "start": {
                "row": 1,
                "column": 0
              },
              "end": {
                "row": 1,
                "column": 17
              },
              "start_byte": 33,
              "end_byte": 50
            },
            "children": [
              {
                "kind": "prose_text",
                "field": null,
                "range": {
                  "start": {
                    "row": 1,
                    "column": 0
                  },
                  "end": {
                    "row": 1,
                    "column": 17
                  },
                  "start_byte": 33,
                  "end_byte": 50
                },
                "children": []
              }
            ]
          }
        ]
      },
      {
        "kind": "newline",
        "field": null,
        "range": {
          "start": {
            "row": 1,
            "column": 17
          },
          "end": {
            "row": 2,
            "column": 0
          },
          "start_byte": 50,
          "end_byte": 51
        },
        "children": []
      },
      {
        "kind": "line",
        "field": null,
        "range": {
          "start": {
            "row": 2,
            "column": 0
          },
          "end": {
            "row": 2,
            "column": 14
          },
          "start_byte": 51,
          "end_byte": 65
        },
        "children": [
          {
            "kind": "prose_line",
            "field": null,
            "range": {
              "start": {
                "row": 2,
                "column": 0
              },
              "end": {
                "row": 2,
                "column": 14
              },
              "start_byte": 51,
              "end_byte": 65
            },
            "children": [
              {
                "kind": "prose_text",
                "field": null,
                "range": {
                  "start": {
                    "row": 2,
                    "column": 0
                  },
                  "end": {
                    "row": 2,
                    "column": 14
                  },
                  "start_byte": 51,
                  "end_byte": 65
                },
                "children": []
              }
            ]
          }
        ]
      },
      {
        "kind": "newline",
        "field": null,
        "range": {
          "start": {
            "row": 2,
            "column": 14
          },
          "end": {
            "row": 3,
            "column": 0
          },
          "start_byte": 65,
          "end_byte": 66
        },
        "children": []
      },
      {
        "kind": "line",
        "field": null,
        "range": {
          "start": {
            "row": 3,
            "column": 0
          },
          "end": {
            "row": 3,
            "column": 19
          },
          "start_byte": 66,
          "end_byte": 85
        },
        "children": [
          {
            "kind": "prose_line",
            "field": null,
            "range": {
              "start": {
                "row": 3,
                "column": 0
              },
              "end": {
                "row": 3,
                "column": 19
              },
              "start_byte": 66,
              "end_byte": 85
            },
            "children": [
              {
                "kind": "prose_text",
                "field": null,
                "range": {
                  "start": {
                    "row": 3,
                    "column": 0
                  },
                  "end": {
                    "row": 3,
                    "column": 19
                  },
                  "start_byte": 66,
                  "end_byte": 85
                },
                "children": []
              }
            ]
          }
        ]
      },
      {
        "kind": "newline",
        "field": null,
        "range": {
          "start": {
            "row": 3,
            "column": 19
          },
          "end": {
            "row": 4,
            "column": 0
          },
          "start_byte": 85,
          "end_byte": 86
        },
        "children": []
      },
      {
        "kind": "newline",
        "field": null,
        "range": {
          "start": {
            "row": 4,
            "column": 0
          },
          "end": {
            "row": 5,
            "column": 0
          },
          "start_byte": 86,
          "end_byte": 87
        },
        "children": []
      },
      {
        "kind": "line",
        "field": null,
        "range": {
          "start": {
            "row": 5,
            "column": 0
          },
          "end": {
            "row": 5,
            "column": 31
          },
          "start_byte": 87,
          "end_byte": 118
        },
        "children": [
          {
            "kind": "act_header",
            "field": null,
            "range": {
              "start": {
                "row": 5,
                "column": 0
              },
              "end": {
                "row": 5,
                "column": 31
              },
              "start_byte": 87,
              "end_byte": 118
            },
            "children": [
              {
                "kind": "=",
                "field": null,
                "range": {
                  "start": {
                    "row": 5,
                    "column": 0
                  },
                  "end": {
                    "row": 5,
                    "column": 1
                  },
                  "start_byte": 87,
                  "end_byte": 88
                },
                "children": []
              }
            ]
          }
        ]
      },
      {
        "kind": "newline",
        "field": null,
        "range": {
          "start": {
            "row": 5,
            "column": 31
          },
          "end": {
            "row": 6,
            "column": 0
          },
          "start_byte": 118,
          "end_byte": 119
        },
        "children": []
      },
      {
        "kind": "newline",
        "field": null,
        "range": {
          "start": {
            "row": 6,
            "column": 0
          },
          "end": {
            "row": 7,
            "column": 0
          },
          "start_byte": 119,
          "end_byte": 120
        },
        "children": []
      },
      {
        "kind": "line",
        "field": null,
        "range": {
          "start": {
            "row": 7,
            "column": 0
          },
          "end": {
            "row": 7,
            "column": 22
          },
          "start_byte": 120,
          "end_byte": 142
        },
        "children": [
          {
            "kind": "scene_header",
            "field": null,
            "range": {
              "start": {
                "row": 7,
                "column": 0
              },
              "end": {
                "row": 7,
                "column": 22
              },
              "start_byte": 120,
              "end_byte": 142
            },
            "children": [
              {
                "kind": "==",
                "field": null,
                "range": {
                  "start": {
                    "row": 7,
                    "column": 0
                  },
                  "end": {
                    "row": 7,
                    "column": 2
                  },
                  "start_byte": 120,
                  "end_byte": 122
                },
                "children": []
              }
            ]
          }
        ]
      },
      {
        "kind": "newline",
        "field": null,
        "range": {
          "start": {
            "row": 7,
            "column": 22
          },
          "end": {
            "row": 8,
            "column": 0
          },
          "start_byte": 142,
          "end_byte": 143
        },
        "children": []
      },
      {
        "kind": "newline",
        "field": null,
        "range": {
          "start": {
            "row": 8,
            "column": 0
          },
          "end": {
            "row": 9,
            "column": 0
          },
          "start_byte": 143,
          "end_byte": 144
        },
        "children": []
      },
      {
        "kind": "line",
        "field": null,
        "range": {
          "start": {
            "row": 9,
            "column": 0
          },
          "end": {
            "row": 9,
            "column": 24
          },
          "start_byte": 144,
          "end_byte": 168
        },
        "children": [
          {
            "kind": "cel_header",
            "field": null,
            "range": {
              "start": {
                "row": 9,
                "column": 0
              },
              "end": {
                "row": 9,
                "column": 24
              },
              "start_byte": 144,
              "end_byte": 168
            },
            "children": [
              {
                "kind": "===",
                "field": null,
                "range": {
                  "start": {
                    "row": 9,
                    "column": 0
                  },
                  "end": {
                    "row": 9,
                    "column": 3
                  },
                  "start_byte": 144,
                  "end_byte": 147
                },
                "children": []
              }
            ]
          }
        ]
      },
      {
        "kind": "line",
        "field": null,
        "range": {
          "start": {
            "row": 9,
            "column": 24
          },
          "end": {
            "row": 9,
            "column": 53
          },
          "start_byte": 168,
          "end_byte": 197
        },
        "children": [
          {
            "kind": "prose_line",
            "field": null,
            "range": {
              "start": {
                "row": 9,
                "column": 24
              },
              "end": {
                "row": 9,
                "column": 53
              },
              "start_byte": 168,
              "end_byte": 197
            },
            "children": [
              {
                "kind": "prose_text",
                "field": null,
                "range": {
                  "start": {
                    "row": 9,
                    "column": 24
                  },
                  "end": {
                    "row": 9,
                    "column": 48
                  },
                  "start_byte": 168,
                  "end_byte": 192
                },
                "children": []
              },
              {
                "kind": "parenthetical",
                "field": null,
                "range": {
                  "start": {
                    "row": 9,
                    "column": 48
                  },
                  "end": {
                    "row": 9,
                    "column": 53
                  },
                  "start_byte": 192,
                  "end_byte": 197
                },
                "children": [
                  {
                    "kind": "open_paren",
                    "field": null,
                    "range": {
                      "start": {
                        "row": 9,
                        "column": 48
                      },
                      "end": {
                        "row": 9,
                        "column": 49
                      },
                      "start_byte": 192,
                      "end_byte": 193
                    },
                    "children": []
                  },
                  {
                    "kind": "close_paren",
                    "field": null,
                    "range": {
                      "start": {
                        "row": 9,
                        "column": 52
                      },
                      "end": {
                        "row": 9,
                        "column": 53
                      },
                      "start_byte": 196,
                      "end_byte": 197
                    },
                    "children": []
                  }
                ]
              }
            ]
          }
        ]
      },
      {
        "kind": "newline",
        "field": null,
        "range": {
          "start": {
            "row": 9,
            "column": 53
          },
          "end": {
            "row": 10,
            "column": 0
          },
          "start_byte": 197,
          "end_byte": 198
        },
        "children": []
      },
      {
        "kind": "newline",
        "field": null,
        "range": {
          "start": {
            "row": 10,
            "column": 0
          },
          "end": {
            "row": 11,
            "column": 0
          },
          "start_byte": 198,
          "end_byte": 199
        },
        "children": []
      },
      {
        "kind": "line",
        "field": null,
        "range": {
          "start": {
            "row": 11,
            "column": 0
          },
          "end": {
            "row": 11,
            "column": 6
          },
          "start_byte": 199,
          "end_byte": 205
        },
        "children": [
          {
            "kind": "content_type_beat",
            "field": null,
            "range": {
              "start": {
                "row": 11,
                "column": 0
              },
              "end": {
                "row": 11,
                "column": 6
              },
              "start_byte": 199,
              "end_byte": 205
            },
            "children": [
              {
                "kind": "#",
                "field": null,
                "range": {
                  "start": {
                    "row": 11,
                    "column": 0
                  },
                  "end": {
                    "row": 11,
                    "column": 1
                  },
                  "start_byte": 199,
                  "end_byte": 200
                },
                "children": []
              }
            ]
          }
        ]
      },
      {
        "kind": "newline",
        "field": null,
        "range": {
          "start": {
            "row": 11,
            "column": 6
          },
          "end": {
            "row": 12,
            "column": 0
          },
          "start_byte": 205,
          "end_byte": 206
        },
        "children": []
      },
      {
        "kind": "line",
        "field": null,
        "range": {
          "start": {
            "row": 12,
            "column": 0
          },
          "end": {
            "row": 12,
            "column": 36
          },
          "start_byte": 206,
          "end_byte": 242
        },
        "children": [
          {
            "kind": "prose_line",
            "field": null,
            "range": {
              "start": {
                "row": 12,
                "column": 0
              },
              "end": {
                "row": 12,
                "column": 36
              },
              "start_byte": 206,
              "end_byte": 242
            },
            "children": [
              {
                "kind": "entity_reference",
                "field": null,
                "range": {
                  "start": {
                    "row": 12,
                    "column": 0
                  },
                  "end": {
                    "row": 12,
                    "column": 6
                  },
                  "start_byte": 206,
                  "end_byte": 212
                },
                "children": [
                  {
                    "kind": "ref_open",
                    "field": null,
                    "range": {
                      "start": {
                        "row": 12,
                        "column": 0
                      },
                      "end": {
                        "row": 12,
                        "column": 1
                      },
                      "start_byte": 206,
                      "end_byte": 207
                    },
                    "children": []
                  },
                  {
                    "kind": "ref_close",
                    "field": null,
                    "range": {
                      "start": {
                        "row": 12,
                        "column": 5
                      },
                      "end": {
                        "row": 12,
                        "column": 6
                      },
                      "start_byte": 211,
                      "end_byte": 212
                    },
                    "children": []
                  }
                ]
              },
              {
                "kind": "prose_text",
                "field": null,
                "range": {
                  "start": {
                    "row": 12,
                    "column": 6
                  },
                  "end": {
                    "row": 12,
                    "column": 36
                  },
                  "start_byte": 212,
                  "end_byte": 242
                },
                "children": []
              }
            ]
          }
        ]
      },
      {
        "kind": "newline",
        "field": null,
        "range": {
          "start": {
            "row": 12,
            "column": 36
          },
          "end": {
            "row": 13,
            "column": 0
          },
          "start_byte": 242,
          "end_byte": 243
        },
        "children": []
      },
      {
        "kind": "newline",
        "field": null,
        "range": {
          "start": {
            "row": 13,
            "column": 0
          },
          "end": {
            "row": 14,
            "column": 0
          },
          "start_byte": 243,
          "end_byte": 244
        },
        "children": []
      },
      {
        "kind": "line",
        "field": null,
        "range": {
          "start": {
            "row": 14,
            "column": 0
          },
          "end": {
            "row": 14,
            "column": 12
          },
          "start_byte": 244,
          "end_byte": 256
        },
        "children": [
          {
            "kind": "content_type_treatment",
            "field": null,
            "range": {
              "start": {
                "row": 14,
                "column": 0
              },
              "end": {
                "row": 14,
                "column": 12
              },
              "start_byte": 244,
              "end_byte": 256
            },
            "children": [
              {
                "kind": "##",
                "field": null,
                "range": {
                  "start": {
                    "row": 14,
                    "column": 0
                  },
                  "end": {
                    "row": 14,
                    "column": 2
                  },
                  "start_byte": 244,
                  "end_byte": 246
                },
                "children": []
              }
            ]
          }
        ]
      },
      {
        "kind": "newline",
        "field": null,
        "range": {
          "start": {
            "row": 14,
            "column": 12
          },
          "end": {
            "row": 15,
            "column": 0
          },
          "start_byte": 256,
          "end_byte": 257
        },
        "children": []
      },
      {
        "kind": "line",
        "field": null,
        "range": {
          "start": {
            "row": 15,
            "column": 0
          },
          "end": {
            "row": 15,
            "column": 89
          },
          "start_byte": 257,
          "end_byte": 346
        },
        "children": [
          {
            "kind": "prose_line",
            "field": null,
            "range": {
              "start": {
                "row": 15,
                "column": 0
              },
              "end": {
                "row": 15,
                "column": 89
              },
              "start_byte": 257,
              "end_byte": 346
            },
            "children": [
              {
                "kind": "prose_text",
                "field": null,
                "range": {
                  "start": {
                    "row": 15,
                    "column": 0
                  },
                  "end": {
                    "row": 15,
                    "column": 51
                  },
                  "start_byte": 257,
                  "end_byte": 308
                },
                "children": []
              },
              {
                "kind": "entity_reference",
                "field": null,
                "range": {
                  "start": {
                    "row": 15,
                    "column": 51
                  },
                  "end": {
                    "row": 15,
                    "column": 57
                  },
                  "start_byte": 308,
                  "end_byte": 314
                },
                "children": [
                  {
                    "kind": "ref_open",
                    "field": null,
                    "range": {
                      "start": {
                        "row": 15,
                        "column": 51
                      },
                      "end": {
                        "row": 15,
                        "column": 52
                      },
                      "start_byte": 308,
                      "end_byte": 309
                    },
                    "children": []
                  },
                  {
                    "kind": "ref_close",
                    "field": null,
                    "range": {
                      "start": {
                        "row": 15,
                        "column": 56
                      },
                      "end": {
                        "row": 15,
                        "column": 57
                      },
                      "start_byte": 313,
                      "end_byte": 314
                    },
                    "children": []
                  }
                ]
              },
              {
                "kind": "prose_text",
                "field": null,
                "range": {
                  "start": {
                    "row": 15,
                    "column": 57
                  },
                  "end": {
                    "row": 15,
                    "column": 89
                  },
                  "start_byte": 314,
                  "end_byte": 346
                },
                "children": []
              }
            ]
          }
        ]
      },
      {
        "kind": "newline",
        "field": null,
        "range": {
          "start": {
            "row": 15,
            "column": 89
          },
          "end": {
            "row": 16,
            "column": 0
          },
          "start_byte": 346,
          "end_byte": 347
        },
        "children": []
      },
      {
        "kind": "newline",
        "field": null,
        "range": {
          "start": {
            "row": 16,
            "column": 0
          },
          "end": {
            "row": 17,
            "column": 0
          },
          "start_byte": 347,
          "end_byte": 348
        },
        "children": []
      },
      {
        "kind": "line",
        "field": null,
        "range": {
          "start": {
            "row": 17,
            "column": 0
          },
          "end": {
            "row": 17,
            "column": 13
          },
          "start_byte": 348,
          "end_byte": 361
        },
        "children": [
          {
            "kind": "content_type_narrative",
            "field": null,
            "range": {
              "start": {
                "row": 17,
                "column": 0
              },
              "end": {
                "row": 17,
                "column": 13
              },
              "start_byte": 348,
              "end_byte": 361
            },
            "children": [
              {
                "kind": "###",
                "field": null,
                "range": {
                  "start": {
                    "row": 17,
                    "column": 0
                  },
                  "end": {
                    "row": 17,
                    "column": 3
                  },
                  "start_byte": 348,
                  "end_byte": 351
                },
                "children": []
              }
            ]
          }
        ]
      },
      {
        "kind": "newline",
        "field": null,
        "range": {
          "start": {
            "row": 17,
            "column": 13
          },
          "end": {
            "row": 18,
            "column": 0
          },
          "start_byte": 361,
          "end_byte": 362
        },
        "children": []
      },
      {
        "kind": "line",
        "field": null,
        "range": {
          "start": {
            "row": 18,
            "column": 0
          },
          "end": {
            "row": 18,
            "column": 71
          },
          "start_byte": 362,
          "end_byte": 433
        },
        "children": [
          {
            "kind": "prose_line",
            "field": null,
            "range": {
              "start": {
                "row": 18,
                "column": 0
              },
              "end": {
                "row": 18,
                "column": 71
              },
              "start_byte": 362,
              "end_byte": 433
            },
            "children": [
              {
                "kind": "prose_text",
                "field": null,
                "range": {
                  "start": {
                    "row": 18,
                    "column": 0
                  },
                  "end": {
                    "row": 18,
                    "column": 20
                  },
                  "start_byte": 362,
                  "end_byte": 382
                },
                "children": []
              },
              {
                "kind": "entity_reference",
                "field": null,
                "range": {
                  "start": {
                    "row": 18,
                    "column": 20
                  },
                  "end": {
                    "row": 18,
                    "column": 26
                  },
                  "start_byte": 382,
                  "end_byte": 388
                },
                "children": [
                  {
                    "kind": "ref_open",
                    "field": null,
                    "range": {
                      "start": {
                        "row": 18,
                        "column": 20
                      },
                      "end": {
                        "row": 18,
                        "column": 21
                      },
                      "start_byte": 382,
                      "end_byte": 383
                    },
                    "children": []
                  },
                  {
                    "kind": "ref_close",
                    "field": null,
                    "range": {
                      "start": {
                        "row": 18,
                        "column": 25
                      },
                      "end": {
                        "row": 18,
                        "column": 26
                      },
                      "start_byte": 387,
                      "end_byte": 388
                    },
                    "children": []
                  }
                ]
              },
              {
                "kind": "prose_text",
                "field": null,
                "range": {
                  "start": {
                    "row": 18,
                    "column": 26
                  },
                  "end": {
                    "row": 18,
                    "column": 71
                  },
                  "start_byte": 388,
                  "end_byte": 433
                },
                "children": []
              }
            ]
          }
        ]
      },
      {
        "kind": "newline",
        "field": null,
        "range": {
          "start": {
            "row": 18,
            "column": 71
          },
          "end": {
            "row": 19,
            "column": 0
          },
          "start_byte": 433,
          "end_byte": 434
        },
        "children": []
      }
    ]
  }
}
