---
source: tests/ir_snapshots.rs
expression: analysis
---
{
  "ir": {
    "story": {
      "acts": [],
      "scenes": [],
      "cels": []
    },
    "adapters": [
      {
        "name_or_path": "custom_adapter.yaml",
        "range": {
          "start": {
            "row": 2,
            "column": 10
          },
          "end": {
            "row": 2,
            "column": 29
          },
          "start_byte": 92,
          "end_byte": 111
        }
      }
    ]
  },
  "diagnostics": []
}
