---
source: premise-core/tests/symbol_snapshots.rs
expression: analysis
---
{
  "symbols": {
    "entities": [
      {
        "kind": "EntityConstruct",
        "name": null,
        "range": {
          "start": {
            "row": 1,
            "column": 0
          },
          "end": {
            "row": 1,
            "column": 35
          },
          "start_byte": 37,
          "end_byte": 72
        }
      },
      {
        "kind": "EntityConstruct",
        "name": null,
        "range": {
          "start": {
            "row": 2,
            "column": 0
          },
          "end": {
            "row": 2,
            "column": 34
          },
          "start_byte": 73,
          "end_byte": 107
        }
      },
      {
        "kind": "EntityConstruct",
        "name": null,
        "range": {
          "start": {
            "row": 3,
            "column": 0
          },
          "end": {
            "row": 3,
            "column": 24
          },
          "start_byte": 108,
          "end_byte": 132
        }
      },
      {
        "kind": "EntityConstruct",
        "name": null,
        "range": {
          "start": {
            "row": 4,
            "column": 0
          },
          "end": {
            "row": 4,
            "column": 41
          },
          "start_byte": 133,
          "end_byte": 174
        }
      }
    ],
    "adapters": [],
    "imports": [],
    "metadata": []
  },
  "diagnostics": []
}
